Component: ARM Compiler 5.06 update 3 (build 300) Tool: armlink [4d35c9]

==============================================================================

Section Cross References

    startup_stm32f407xx.o(RESET) refers to startup_stm32f407xx.o(STACK) for __initial_sp
    startup_stm32f407xx.o(RESET) refers to startup_stm32f407xx.o(.text) for Reset_Handler
    startup_stm32f407xx.o(RESET) refers to stm32f4xx_it.o(i.NMI_Handler) for NMI_Handler
    startup_stm32f407xx.o(RESET) refers to stm32f4xx_it.o(i.HardFault_Handler) for HardFault_Handler
    startup_stm32f407xx.o(RESET) refers to stm32f4xx_it.o(i.MemManage_Handler) for MemManage_Handler
    startup_stm32f407xx.o(RESET) refers to stm32f4xx_it.o(i.BusFault_Handler) for BusFault_Handler
    startup_stm32f407xx.o(RESET) refers to stm32f4xx_it.o(i.UsageFault_Handler) for UsageFault_Handler
    startup_stm32f407xx.o(RESET) refers to stm32f4xx_it.o(i.SVC_Handler) for SVC_Handler
    startup_stm32f407xx.o(RESET) refers to stm32f4xx_it.o(i.DebugMon_Handler) for DebugMon_Handler
    startup_stm32f407xx.o(RESET) refers to stm32f4xx_it.o(i.PendSV_Handler) for PendSV_Handler
    startup_stm32f407xx.o(RESET) refers to stm32f4xx_it.o(i.SysTick_Handler) for SysTick_Handler
    startup_stm32f407xx.o(RESET) refers to stm32f4xx_it.o(i.EXTI0_IRQHandler) for EXTI0_IRQHandler
    startup_stm32f407xx.o(RESET) refers to stm32f4xx_it.o(i.DMA1_Stream4_IRQHandler) for DMA1_Stream4_IRQHandler
    startup_stm32f407xx.o(RESET) refers to stm32f4xx_it.o(i.DMA2_Stream3_IRQHandler) for DMA2_Stream3_IRQHandler
    startup_stm32f407xx.o(RESET) refers to stm32f4xx_it.o(i.OTG_FS_IRQHandler) for OTG_FS_IRQHandler
    startup_stm32f407xx.o(.text) refers to system_stm32f4xx.o(i.SystemInit) for SystemInit
    startup_stm32f407xx.o(.text) refers to entry.o(.ARM.Collect$$$$00000000) for __main
    main.o(i.SystemClock_Config) refers to memseta.o(.text) for __aeabi_memclr4
    main.o(i.SystemClock_Config) refers to stm32f4xx_hal_rcc.o(i.HAL_RCC_OscConfig) for HAL_RCC_OscConfig
    main.o(i.SystemClock_Config) refers to stm32f4xx_hal_rcc.o(i.HAL_RCC_ClockConfig) for HAL_RCC_ClockConfig
    main.o(i.main) refers to stm32f4xx_hal.o(i.HAL_Init) for HAL_Init
    main.o(i.main) refers to main.o(i.SystemClock_Config) for SystemClock_Config
    main.o(i.main) refers to gpio.o(i.MX_GPIO_Init) for MX_GPIO_Init
    main.o(i.main) refers to dma.o(i.MX_DMA_Init) for MX_DMA_Init
    main.o(i.main) refers to tim.o(i.MX_TIM1_Init) for MX_TIM1_Init
    main.o(i.main) refers to adc.o(i.MX_ADC1_Init) for MX_ADC1_Init
    main.o(i.main) refers to tim.o(i.MX_TIM2_Init) for MX_TIM2_Init
    main.o(i.main) refers to usart.o(i.MX_USART1_UART_Init) for MX_USART1_UART_Init
    main.o(i.main) refers to sdio.o(i.MX_SDIO_SD_Init) for MX_SDIO_SD_Init
    main.o(i.main) refers to fatfs.o(i.MX_FATFS_Init) for MX_FATFS_Init
    main.o(i.main) refers to i2s.o(i.MX_I2S2_Init) for MX_I2S2_Init
    main.o(i.main) refers to usb_device.o(i.MX_USB_DEVICE_Init) for MX_USB_DEVICE_Init
    main.o(i.main) refers to printfa.o(i.__0printf) for __2printf
    main.o(i.main) refers to ff.o(i.f_mount) for f_mount
    main.o(i.main) refers to app_main.o(i.app_main) for app_main
    main.o(i.main) refers to main.o(.bss) for .bss
    gpio.o(i.MX_GPIO_Init) refers to memseta.o(.text) for __aeabi_memclr4
    gpio.o(i.MX_GPIO_Init) refers to stm32f4xx_hal_gpio.o(i.HAL_GPIO_WritePin) for HAL_GPIO_WritePin
    gpio.o(i.MX_GPIO_Init) refers to stm32f4xx_hal_gpio.o(i.HAL_GPIO_Init) for HAL_GPIO_Init
    gpio.o(i.MX_GPIO_Init) refers to stm32f4xx_hal_cortex.o(i.HAL_NVIC_SetPriority) for HAL_NVIC_SetPriority
    gpio.o(i.MX_GPIO_Init) refers to stm32f4xx_hal_cortex.o(i.HAL_NVIC_EnableIRQ) for HAL_NVIC_EnableIRQ
    adc.o(i.HAL_ADC_MspDeInit) refers to stm32f4xx_hal_gpio.o(i.HAL_GPIO_DeInit) for HAL_GPIO_DeInit
    adc.o(i.HAL_ADC_MspInit) refers to memseta.o(.text) for __aeabi_memclr4
    adc.o(i.HAL_ADC_MspInit) refers to stm32f4xx_hal_gpio.o(i.HAL_GPIO_Init) for HAL_GPIO_Init
    adc.o(i.MX_ADC1_Init) refers to stm32f4xx_hal_adc.o(i.HAL_ADC_Init) for HAL_ADC_Init
    adc.o(i.MX_ADC1_Init) refers to main.o(i.Error_Handler) for Error_Handler
    adc.o(i.MX_ADC1_Init) refers to stm32f4xx_hal_adc.o(i.HAL_ADC_ConfigChannel) for HAL_ADC_ConfigChannel
    adc.o(i.MX_ADC1_Init) refers to adc.o(.bss) for .bss
    dma.o(i.MX_DMA_Init) refers to stm32f4xx_hal_cortex.o(i.HAL_NVIC_SetPriority) for HAL_NVIC_SetPriority
    dma.o(i.MX_DMA_Init) refers to stm32f4xx_hal_cortex.o(i.HAL_NVIC_EnableIRQ) for HAL_NVIC_EnableIRQ
    i2s.o(i.HAL_I2S_MspDeInit) refers to stm32f4xx_hal_gpio.o(i.HAL_GPIO_DeInit) for HAL_GPIO_DeInit
    i2s.o(i.HAL_I2S_MspDeInit) refers to stm32f4xx_hal_dma.o(i.HAL_DMA_DeInit) for HAL_DMA_DeInit
    i2s.o(i.HAL_I2S_MspInit) refers to memseta.o(.text) for __aeabi_memclr4
    i2s.o(i.HAL_I2S_MspInit) refers to stm32f4xx_hal_rcc_ex.o(i.HAL_RCCEx_PeriphCLKConfig) for HAL_RCCEx_PeriphCLKConfig
[...]
    HAL_PCD_DataInStageCallback              0x08001953   Thumb Code    18  usbd_conf.o(i.HAL_PCD_DataInStageCallback)
    HAL_PCD_DataOutStageCallback             0x08001965   Thumb Code    20  usbd_conf.o(i.HAL_PCD_DataOutStageCallback)
    HAL_PCD_DisconnectCallback               0x08001979   Thumb Code     8  usbd_conf.o(i.HAL_PCD_DisconnectCallback)
    HAL_PCD_EP_Abort                         0x08001981   Thumb Code    30  stm32f4xx_hal_pcd.o(i.HAL_PCD_EP_Abort)
    HAL_PCD_EP_Close                         0x0800199f   Thumb Code    74  stm32f4xx_hal_pcd.o(i.HAL_PCD_EP_Close)
    HAL_PCD_EP_ClrStall                      0x080019e9   Thumb Code    90  stm32f4xx_hal_pcd.o(i.HAL_PCD_EP_ClrStall)
    HAL_PCD_EP_Flush                         0x08001a43   Thumb Code    52  stm32f4xx_hal_pcd.o(i.HAL_PCD_EP_Flush)
    HAL_PCD_EP_GetRxCount                    0x08001a77   Thumb Code    18  stm32f4xx_hal_pcd.o(i.HAL_PCD_EP_GetRxCount)
    HAL_PCD_EP_Open                          0x08001a89   Thumb Code    98  stm32f4xx_hal_pcd.o(i.HAL_PCD_EP_Open)
    HAL_PCD_EP_Receive                       0x08001aeb   Thumb Code    56  stm32f4xx_hal_pcd.o(i.HAL_PCD_EP_Receive)
    HAL_PCD_EP_SetStall                      0x08001b23   Thumb Code   114  stm32f4xx_hal_pcd.o(i.HAL_PCD_EP_SetStall)
    HAL_PCD_EP_Transmit                      0x08001b95   Thumb Code    50  stm32f4xx_hal_pcd.o(i.HAL_PCD_EP_Transmit)
    HAL_PCD_IRQHandler                       0x08001bc9   Thumb Code  1372  stm32f4xx_hal_pcd.o(i.HAL_PCD_IRQHandler)
    HAL_PCD_ISOINIncompleteCallback          0x08002125   Thumb Code     8  usbd_conf.o(i.HAL_PCD_ISOINIncompleteCallback)
    HAL_PCD_ISOOUTIncompleteCallback         0x0800212d   Thumb Code     8  usbd_conf.o(i.HAL_PCD_ISOOUTIncompleteCallback)
    HAL_PCD_Init                             0x08002135   Thumb Code   204  stm32f4xx_hal_pcd.o(i.HAL_PCD_Init)
    HAL_PCD_MspInit                          0x08002201   Thumb Code   122  usbd_conf.o(i.HAL_PCD_MspInit)
    HAL_PCD_ResetCallback                    0x08002285   Thumb Code    44  usbd_conf.o(i.HAL_PCD_ResetCallback)
    HAL_PCD_ResumeCallback                   0x080022b1   Thumb Code     8  usbd_conf.o(i.HAL_PCD_ResumeCallback)
    HAL_PCD_SOFCallback                      0x080022b9   Thumb Code     8  usbd_conf.o(i.HAL_PCD_SOFCallback)
    HAL_PCD_SetAddress                       0x080022c1   Thumb Code    38  stm32f4xx_hal_pcd.o(i.HAL_PCD_SetAddress)
    HAL_PCD_SetupStageCallback               0x080022e7   Thumb Code    14  usbd_conf.o(i.HAL_PCD_SetupStageCallback)
    HAL_PCD_Start                            0x080022f5   Thumb Code    66  stm32f4xx_hal_pcd.o(i.HAL_PCD_Start)
    HAL_PCD_SuspendCallback                  0x08002339   Thumb Code    44  usbd_conf.o(i.HAL_PCD_SuspendCallback)
    HAL_RCCEx_GetPeriphCLKFreq               0x08002369   Thumb Code    78  stm32f4xx_hal_rcc_ex.o(i.HAL_RCCEx_GetPeriphCLKFreq)
    HAL_RCCEx_PeriphCLKConfig                0x080023c9   Thumb Code   296  stm32f4xx_hal_rcc_ex.o(i.HAL_RCCEx_PeriphCLKConfig)
    HAL_RCC_ClockConfig                      0x08002505   Thumb Code   288  stm32f4xx_hal_rcc.o(i.HAL_RCC_ClockConfig)
    HAL_RCC_GetHCLKFreq                      0x08002639   Thumb Code     6  stm32f4xx_hal_rcc.o(i.HAL_RCC_GetHCLKFreq)
    HAL_RCC_GetPCLK1Freq                     0x08002645   Thumb Code    20  stm32f4xx_hal_rcc.o(i.HAL_RCC_GetPCLK1Freq)
    HAL_RCC_GetPCLK2Freq                     0x08002665   Thumb Code    20  stm32f4xx_hal_rcc.o(i.HAL_RCC_GetPCLK2Freq)
    HAL_RCC_GetSysClockFreq                  0x08002685   Thumb Code    88  stm32f4xx_hal_rcc.o(i.HAL_RCC_GetSysClockFreq)
    HAL_RCC_OscConfig                        0x080026e5   Thumb Code   856  stm32f4xx_hal_rcc.o(i.HAL_RCC_OscConfig)
    HAL_SD_GetCardCSD                        0x08002a51   Thumb Code   402  stm32f4xx_hal_sd.o(i.HAL_SD_GetCardCSD)
    HAL_SD_GetCardInfo                       0x08002be9   Thumb Code    36  stm32f4xx_hal_sd.o(i.HAL_SD_GetCardInfo)
    HAL_SD_GetCardState                      0x08002c0d   Thumb Code    44  stm32f4xx_hal_sd.o(i.HAL_SD_GetCardState)
    HAL_SD_Init                              0x08002c39   Thumb Code    54  stm32f4xx_hal_sd.o(i.HAL_SD_Init)
    HAL_SD_InitCard                          0x08002c71   Thumb Code   116  stm32f4xx_hal_sd.o(i.HAL_SD_InitCard)
    HAL_SD_MspInit                           0x08002ced   Thumb Code   196  sdio.o(i.HAL_SD_MspInit)
    HAL_SD_ReadBlocks                        0x08002dc9   Thumb Code   476  stm32f4xx_hal_sd.o(i.HAL_SD_ReadBlocks)
    HAL_SD_WriteBlocks                       0x08002fa9   Thumb Code   428  stm32f4xx_hal_sd.o(i.HAL_SD_WriteBlocks)
    HAL_SYSTICK_Config                       0x08003159   Thumb Code    40  stm32f4xx_hal_cortex.o(i.HAL_SYSTICK_Config)
    HAL_TIMEx_MasterConfigSynchronization    0x08003181   Thumb Code   116  stm32f4xx_hal_tim_ex.o(i.HAL_TIMEx_MasterConfigSynchronization)
    HAL_TIM_Base_Init                        0x08003211   Thumb Code    90  stm32f4xx_hal_tim.o(i.HAL_TIM_Base_Init)
    HAL_TIM_Base_MspInit                     0x0800326d   Thumb Code    42  tim.o(i.HAL_TIM_Base_MspInit)
    HAL_TIM_ConfigClockSource                0x080032a1   Thumb Code   220  stm32f4xx_hal_tim.o(i.HAL_TIM_ConfigClockSource)
    HAL_UART_Init                            0x0800337d   Thumb Code   100  stm32f4xx_hal_uart.o(i.HAL_UART_Init)
    HAL_UART_MspInit                         0x080033e1   Thumb Code    94  usart.o(i.HAL_UART_MspInit)
    HAL_UART_Transmit                        0x0800344d   Thumb Code   160  stm32f4xx_hal_uart.o(i.HAL_UART_Transmit)
    HardFault_Handler                        0x080034ed   Thumb Code     2  stm32f4xx_it.o(i.HardFault_Handler)
    MP3_PlayLoop                             0x08004bbd   Thumb Code   228  app_main.o(i.MP3_PlayLoop)
    MP3_StartPlayback                        0x08004cb9   Thumb Code   196  app_main.o(i.MP3_StartPlayback)
    MP3_SwitchSong                           0x08004db9   Thumb Code   224  app_main.o(i.MP3_SwitchSong)
    MSC_BOT_CplClrFeature                    0x08005011   Thumb Code    72  usbd_msc_bot.o(i.MSC_BOT_CplClrFeature)
    MSC_BOT_DataIn                           0x08005061   Thumb Code    70  usbd_msc_bot.o(i.MSC_BOT_DataIn)
    MSC_BOT_DataOut                          0x080050a7   Thumb Code    70  usbd_msc_bot.o(i.MSC_BOT_DataOut)
    MSC_BOT_DeInit                           0x080050ed   Thumb Code    22  usbd_msc_bot.o(i.MSC_BOT_DeInit)
    MSC_BOT_Init                             0x08005105   Thumb Code    96  usbd_msc_bot.o(i.MSC_BOT_Init)
    MSC_BOT_Reset                            0x0800516d   Thumb Code    68  usbd_msc_bot.o(i.MSC_BOT_Reset)
    MSC_BOT_SendCSW                          0x080051b9   Thumb Code    72  usbd_msc_bot.o(i.MSC_BOT_SendCSW)
    MX_ADC1_Init                             0x0800520d   Thumb Code    90  adc.o(i.MX_ADC1_Init)
    MX_DMA_Init                              0x08005271   Thumb Code    72  dma.o(i.MX_DMA_Init)
    MX_FATFS_Init                            0x080052bd   Thumb Code    18  fatfs.o(i.MX_FATFS_Init)
    MX_GPIO_Init                             0x080052d9   Thumb Code   212  gpio.o(i.MX_GPIO_Init)
    MX_I2S2_Init                             0x080053bd   Thumb Code    50  i2s.o(i.MX_I2S2_Init)
    MX_SDIO_SD_Init                          0x080053f9   Thumb Code    22  sdio.o(i.MX_SDIO_SD_Init)
    MX_TIM1_Init                             0x08005419   Thumb Code   104  tim.o(i.MX_TIM1_Init)
    MX_TIM2_Init                             0x08005489   Thumb Code   102  tim.o(i.MX_TIM2_Init)
    MX_USART1_UART_Init                      0x080054f5   Thumb Code    48  usart.o(i.MX_USART1_UART_Init)
    MX_USB_DEVICE_Init                       0x0800552d   Thumb Code    66  usb_device.o(i.MX_USB_DEVICE_Init)
    MemManage_Handler                        0x08005581   Thumb Code     2  stm32f4xx_it.o(i.MemManage_Handler)
    NMI_Handler                              0x08005583   Thumb Code     2  stm32f4xx_it.o(i.NMI_Handler)
    OTG_FS_IRQHandler                        0x08005585   Thumb Code     6  stm32f4xx_it.o(i.OTG_FS_IRQHandler)
    PendSV_Handler                           0x080056ff   Thumb Code     2  stm32f4xx_it.o(i.PendSV_Handler)
    SCSI_ProcessCmd                          0x080057ad   Thumb Code   420  usbd_msc_scsi.o(i.SCSI_ProcessCmd)
    SCSI_SenseCode                           0x08005e3b   Thumb Code    76  usbd_msc_scsi.o(i.SCSI_SenseCode)
    SDIO_ConfigData                          0x080060d5   Thumb Code    36  stm32f4xx_ll_sdmmc.o(i.SDIO_ConfigData)
    SDIO_GetPowerState                       0x080060f9   Thumb Code     8  stm32f4xx_ll_sdmmc.o(i.SDIO_GetPowerState)
    SDIO_GetResponse                         0x08006101   Thumb Code     6  stm32f4xx_ll_sdmmc.o(i.SDIO_GetResponse)
    SDIO_Init                                0x08006107   Thumb Code    36  stm32f4xx_ll_sdmmc.o(i.SDIO_Init)
    SDIO_PowerState_ON                       0x0800612b   Thumb Code     8  stm32f4xx_ll_sdmmc.o(i.SDIO_PowerState_ON)
    SDIO_ReadFIFO                            0x08006133   Thumb Code     6  stm32f4xx_ll_sdmmc.o(i.SDIO_ReadFIFO)
    SDIO_SendCommand                         0x08006139   Thumb Code    32  stm32f4xx_ll_sdmmc.o(i.SDIO_SendCommand)
    SDIO_WriteFIFO                           0x08006159   Thumb Code    10  stm32f4xx_ll_sdmmc.o(i.SDIO_WriteFIFO)
    SDMMC_CmdAppCommand                      0x08006163   Thumb Code    50  stm32f4xx_ll_sdmmc.o(i.SDMMC_CmdAppCommand)
    SDMMC_CmdAppOperCommand                  0x08006195   Thumb Code    48  stm32f4xx_ll_sdmmc.o(i.SDMMC_CmdAppOperCommand)
    SDMMC_CmdBlockLength                     0x080061c9   Thumb Code    50  stm32f4xx_ll_sdmmc.o(i.SDMMC_CmdBlockLength)
    SDMMC_CmdGoIdleState                     0x080061fd   Thumb Code    74  stm32f4xx_ll_sdmmc.o(i.SDMMC_CmdGoIdleState)
    SDMMC_CmdOperCond                        0x0800624d   Thumb Code    48  stm32f4xx_ll_sdmmc.o(i.SDMMC_CmdOperCond)
    SDMMC_CmdReadMultiBlock                  0x0800627d   Thumb Code    50  stm32f4xx_ll_sdmmc.o(i.SDMMC_CmdReadMultiBlock)
    SDMMC_CmdReadSingleBlock                 0x080062af   Thumb Code    50  stm32f4xx_ll_sdmmc.o(i.SDMMC_CmdReadSingleBlock)
    SDMMC_CmdSelDesel                        0x080062e1   Thumb Code    50  stm32f4xx_ll_sdmmc.o(i.SDMMC_CmdSelDesel)
    SDMMC_CmdSendCID                         0x08006313   Thumb Code    44  stm32f4xx_ll_sdmmc.o(i.SDMMC_CmdSendCID)
    SDMMC_CmdSendCSD                         0x0800633f   Thumb Code    44  stm32f4xx_ll_sdmmc.o(i.SDMMC_CmdSendCSD)
    SDMMC_CmdSendStatus                      0x0800636b   Thumb Code    50  stm32f4xx_ll_sdmmc.o(i.SDMMC_CmdSendStatus)
    SDMMC_CmdSetRelAdd                       0x0800639d   Thumb Code    48  stm32f4xx_ll_sdmmc.o(i.SDMMC_CmdSetRelAdd)
    SDMMC_CmdStopTransfer                    0x080063cd   Thumb Code    46  stm32f4xx_ll_sdmmc.o(i.SDMMC_CmdStopTransfer)
    SDMMC_CmdWriteMultiBlock                 0x08006401   Thumb Code    50  stm32f4xx_ll_sdmmc.o(i.SDMMC_CmdWriteMultiBlock)
    SDMMC_CmdWriteSingleBlock                0x08006433   Thumb Code    50  stm32f4xx_ll_sdmmc.o(i.SDMMC_CmdWriteSingleBlock)
    SDMMC_GetCmdResp1                        0x08006465   Thumb Code   278  stm32f4xx_ll_sdmmc.o(i.SDMMC_GetCmdResp1)
    SDMMC_GetCmdResp2                        0x08006585   Thumb Code    76  stm32f4xx_ll_sdmmc.o(i.SDMMC_GetCmdResp2)
    SDMMC_GetCmdResp3                        0x080065d5   Thumb Code    62  stm32f4xx_ll_sdmmc.o(i.SDMMC_GetCmdResp3)
    SDMMC_GetCmdResp6                        0x08006619   Thumb Code   130  stm32f4xx_ll_sdmmc.o(i.SDMMC_GetCmdResp6)
    SDMMC_GetCmdResp7                        0x080066a1   Thumb Code    82  stm32f4xx_ll_sdmmc.o(i.SDMMC_GetCmdResp7)
    SD_initialize                            0x080068bd   Thumb Code    28  sd_diskio.o(i.SD_initialize)
    SD_ioctl                                 0x080068dd   Thumb Code    76  sd_diskio.o(i.SD_ioctl)
    SD_read                                  0x0800692d   Thumb Code    38  sd_diskio.o(i.SD_read)
    SD_status                                0x08006953   Thumb Code     4  sd_diskio.o(i.SD_status)
    SD_write                                 0x08006959   Thumb Code    38  sd_diskio.o(i.SD_write)
    SVC_Handler                              0x08006a61   Thumb Code     2  stm32f4xx_it.o(i.SVC_Handler)
    SysTick_Handler                          0x08006a6d   Thumb Code     4  stm32f4xx_it.o(i.SysTick_Handler)
    SystemClock_Config                       0x08006a71   Thumb Code   140  main.o(i.SystemClock_Config)
    SystemInit                               0x08006b05   Thumb Code    12  system_stm32f4xx.o(i.SystemInit)
    TIM_Base_SetConfig                       0x08006b15   Thumb Code   170  stm32f4xx_hal_tim.o(i.TIM_Base_SetConfig)
    TIM_ETR_SetConfig                        0x08006bed   Thumb Code    20  stm32f4xx_hal_tim.o(i.TIM_ETR_SetConfig)
    USBD_ClrClassConfig                      0x08006e23   Thumb Code    20  usbd_core.o(i.USBD_ClrClassConfig)
    USBD_CoreFindEP                          0x08006e37   Thumb Code     4  usbd_core.o(i.USBD_CoreFindEP)
    USBD_CoreFindIF                          0x08006e3b   Thumb Code     4  usbd_core.o(i.USBD_CoreFindIF)
    USBD_CtlContinueRx                       0x08006e3f   Thumb Code    16  usbd_ioreq.o(i.USBD_CtlContinueRx)
    USBD_CtlContinueSendData                 0x08006e4f   Thumb Code    16  usbd_ioreq.o(i.USBD_CtlContinueSendData)
    USBD_CtlError                            0x08006e5f   Thumb Code    22  usbd_ctlreq.o(i.USBD_CtlError)
    USBD_CtlReceiveStatus                    0x08006e75   Thumb Code    22  usbd_ioreq.o(i.USBD_CtlReceiveStatus)
    USBD_CtlSendData                         0x08006e8b   Thumb Code    26  usbd_ioreq.o(i.USBD_CtlSendData)
    USBD_CtlSendStatus                       0x08006ea5   Thumb Code    22  usbd_ioreq.o(i.USBD_CtlSendStatus)
    USBD_FS_ConfigStrDescriptor              0x08006ebd   Thumb Code    16  usbd_desc.o(i.USBD_FS_ConfigStrDescriptor)
    USBD_FS_DeviceDescriptor                 0x08006edd   Thumb Code     8  usbd_desc.o(i.USBD_FS_DeviceDescriptor)
    USBD_FS_InterfaceStrDescriptor           0x08006ee9   Thumb Code    16  usbd_desc.o(i.USBD_FS_InterfaceStrDescriptor)
    USBD_FS_LangIDStrDescriptor              0x08006f0d   Thumb Code     8  usbd_desc.o(i.USBD_FS_LangIDStrDescriptor)
    USBD_FS_ManufacturerStrDescriptor        0x08006f19   Thumb Code    16  usbd_desc.o(i.USBD_FS_ManufacturerStrDescriptor)
    USBD_FS_ProductStrDescriptor             0x08006f41   Thumb Code    16  usbd_desc.o(i.USBD_FS_ProductStrDescriptor)
    USBD_FS_SerialStrDescriptor              0x08006f69   Thumb Code    48  usbd_desc.o(i.USBD_FS_SerialStrDescriptor)
    USBD_GetEpDesc                           0x08007087   Thumb Code    58  usbd_core.o(i.USBD_GetEpDesc)
    USBD_GetNextDesc                         0x080070d5   Thumb Code    14  usbd_core.o(i.USBD_GetNextDesc)
    USBD_GetString                           0x080070e3   Thumb Code    78  usbd_ctlreq.o(i.USBD_GetString)
    USBD_Get_USB_Status                      0x08007131   Thumb Code    24  usbd_conf.o(i.USBD_Get_USB_Status)
    USBD_Init                                0x08007149   Thumb Code    38  usbd_core.o(i.USBD_Init)
    USBD_LL_ClearStallEP                     0x0800716f   Thumb Code    18  usbd_conf.o(i.USBD_LL_ClearStallEP)
    USBD_LL_CloseEP                          0x08007181   Thumb Code    18  usbd_conf.o(i.USBD_LL_CloseEP)
    USBD_LL_DataInStage                      0x08007193   Thumb Code   182  usbd_core.o(i.USBD_LL_DataInStage)
    USBD_LL_DataOutStage                     0x08007249   Thumb Code   142  usbd_core.o(i.USBD_LL_DataOutStage)
    USBD_LL_DevConnected                     0x080072d7   Thumb Code     4  usbd_core.o(i.USBD_LL_DevConnected)
    USBD_LL_DevDisconnected                  0x080072db   Thumb Code    30  usbd_core.o(i.USBD_LL_DevDisconnected)
    USBD_LL_FlushEP                          0x080072f9   Thumb Code    18  usbd_conf.o(i.USBD_LL_FlushEP)
    USBD_LL_GetRxDataSize                    0x0800730b   Thumb Code     8  usbd_conf.o(i.USBD_LL_GetRxDataSize)
    USBD_LL_Init                             0x08007315   Thumb Code    90  usbd_conf.o(i.USBD_LL_Init)
    USBD_LL_IsStallEP                        0x08007375   Thumb Code    30  usbd_conf.o(i.USBD_LL_IsStallEP)
    USBD_LL_IsoINIncomplete                  0x08007393   Thumb Code    40  usbd_core.o(i.USBD_LL_IsoINIncomplete)
    USBD_LL_IsoOUTIncomplete                 0x080073bb   Thumb Code    40  usbd_core.o(i.USBD_LL_IsoOUTIncomplete)
    USBD_LL_OpenEP                           0x080073e3   Thumb Code    24  usbd_conf.o(i.USBD_LL_OpenEP)
    USBD_LL_PrepareReceive                   0x080073fb   Thumb Code    18  usbd_conf.o(i.USBD_LL_PrepareReceive)
    USBD_LL_Reset                            0x0800740d   Thumb Code    92  usbd_core.o(i.USBD_LL_Reset)
    USBD_LL_Resume                           0x08007469   Thumb Code    20  usbd_core.o(i.USBD_LL_Resume)
    USBD_LL_SOF                              0x0800747d   Thumb Code    26  usbd_core.o(i.USBD_LL_SOF)
    USBD_LL_SetSpeed                         0x08007497   Thumb Code     6  usbd_core.o(i.USBD_LL_SetSpeed)
    USBD_LL_SetUSBAddress                    0x0800749d   Thumb Code    18  usbd_conf.o(i.USBD_LL_SetUSBAddress)
    USBD_LL_SetupStage                       0x080074af   Thumb Code    96  usbd_core.o(i.USBD_LL_SetupStage)
    USBD_LL_StallEP                          0x0800750f   Thumb Code    18  usbd_conf.o(i.USBD_LL_StallEP)
    USBD_LL_Start                            0x08007521   Thumb Code    18  usbd_conf.o(i.USBD_LL_Start)
    USBD_LL_Suspend                          0x08007533   Thumb Code    26  usbd_core.o(i.USBD_LL_Suspend)
    USBD_LL_Transmit                         0x0800754d   Thumb Code    18  usbd_conf.o(i.USBD_LL_Transmit)
    USBD_MSC_DataIn                          0x0800755f   Thumb Code    10  usbd_msc.o(i.USBD_MSC_DataIn)
    USBD_MSC_DataOut                         0x08007569   Thumb Code    10  usbd_msc.o(i.USBD_MSC_DataOut)
    USBD_MSC_DeInit                          0x08007575   Thumb Code   112  usbd_msc.o(i.USBD_MSC_DeInit)
    USBD_MSC_GetDeviceQualifierDescriptor    0x080075e9   Thumb Code     8  usbd_msc.o(i.USBD_MSC_GetDeviceQualifierDescriptor)
    USBD_MSC_GetFSCfgDesc                    0x080075f5   Thumb Code    40  usbd_msc.o(i.USBD_MSC_GetFSCfgDesc)
    USBD_MSC_GetHSCfgDesc                    0x08007621   Thumb Code    42  usbd_msc.o(i.USBD_MSC_GetHSCfgDesc)
    USBD_MSC_GetOtherSpeedCfgDesc            0x08007651   Thumb Code    40  usbd_msc.o(i.USBD_MSC_GetOtherSpeedCfgDesc)
    USBD_MSC_Init                            0x0800767d   Thumb Code   168  usbd_msc.o(i.USBD_MSC_Init)
    USBD_MSC_RegisterStorage                 0x08007729   Thumb Code    22  usbd_msc.o(i.USBD_MSC_RegisterStorage)
    USBD_MSC_Setup                           0x0800773f   Thumb Code   220  usbd_msc.o(i.USBD_MSC_Setup)
    USBD_ParseSetupRequest                   0x0800781b   Thumb Code    44  usbd_ctlreq.o(i.USBD_ParseSetupRequest)
    USBD_RegisterClass                       0x08007847   Thumb Code    58  usbd_core.o(i.USBD_RegisterClass)
    USBD_SetClassConfig                      0x08007881   Thumb Code    20  usbd_core.o(i.USBD_SetClassConfig)
    USBD_Start                               0x0800794d   Thumb Code     4  usbd_core.o(i.USBD_Start)
    USBD_StdDevReq                           0x08007951   Thumb Code   300  usbd_ctlreq.o(i.USBD_StdDevReq)
    USBD_StdEPReq                            0x08007a7d   Thumb Code   352  usbd_ctlreq.o(i.USBD_StdEPReq)
    USBD_StdItfReq                           0x08007bdd   Thumb Code   114  usbd_ctlreq.o(i.USBD_StdItfReq)
    USBD_static_free                         0x08007c4f   Thumb Code     2  usbd_conf.o(i.USBD_static_free)
    USBD_static_malloc                       0x08007c51   Thumb Code     4  usbd_conf.o(i.USBD_static_malloc)
    USB_ActivateEndpoint                     0x08007c59   Thumb Code   122  stm32f4xx_ll_usb.o(i.USB_ActivateEndpoint)
    USB_ActivateSetup                        0x08007cd9   Thumb Code    28  stm32f4xx_ll_usb.o(i.USB_ActivateSetup)
    USB_CoreInit                             0x08007cf5   Thumb Code   126  stm32f4xx_ll_usb.o(i.USB_CoreInit)
    USB_DeactivateEndpoint                   0x08007db5   Thumb Code   194  stm32f4xx_ll_usb.o(i.USB_DeactivateEndpoint)
    USB_DevConnect                           0x08007e81   Thumb Code    28  stm32f4xx_ll_usb.o(i.USB_DevConnect)
    USB_DevDisconnect                        0x08007e9d   Thumb Code    28  stm32f4xx_ll_usb.o(i.USB_DevDisconnect)
    USB_DevInit                              0x08007eb9   Thumb Code   370  stm32f4xx_ll_usb.o(i.USB_DevInit)
    USB_DisableGlobalInt                     0x08008035   Thumb Code    12  stm32f4xx_ll_usb.o(i.USB_DisableGlobalInt)
    USB_EP0_OutStart                         0x08008041   Thumb Code    84  stm32f4xx_ll_usb.o(i.USB_EP0_OutStart)
    USB_EPClearStall                         0x08008099   Thumb Code    88  stm32f4xx_ll_usb.o(i.USB_EPClearStall)
    USB_EPSetStall                           0x080080f1   Thumb Code    88  stm32f4xx_ll_usb.o(i.USB_EPSetStall)
    USB_EPStartXfer                          0x08008149   Thumb Code   562  stm32f4xx_ll_usb.o(i.USB_EPStartXfer)
    USB_EPStopXfer                           0x08008381   Thumb Code   158  stm32f4xx_ll_usb.o(i.USB_EPStopXfer)
    USB_EnableGlobalInt                      0x0800841f   Thumb Code    12  stm32f4xx_ll_usb.o(i.USB_EnableGlobalInt)
    USB_FlushRxFifo                          0x0800842b   Thumb Code    56  stm32f4xx_ll_usb.o(i.USB_FlushRxFifo)
    USB_FlushTxFifo                          0x08008463   Thumb Code    60  stm32f4xx_ll_usb.o(i.USB_FlushTxFifo)
    USB_GetDevSpeed                          0x0800849f   Thumb Code    26  stm32f4xx_ll_usb.o(i.USB_GetDevSpeed)
    USB_GetMode                              0x080084b9   Thumb Code     8  stm32f4xx_ll_usb.o(i.USB_GetMode)
    USB_ReadDevAllInEpInterrupt              0x080084c1   Thumb Code    14  stm32f4xx_ll_usb.o(i.USB_ReadDevAllInEpInterrupt)
    USB_ReadDevAllOutEpInterrupt             0x080084cf   Thumb Code    14  stm32f4xx_ll_usb.o(i.USB_ReadDevAllOutEpInterrupt)
    USB_ReadDevInEPInterrupt                 0x080084dd   Thumb Code    36  stm32f4xx_ll_usb.o(i.USB_ReadDevInEPInterrupt)
    USB_ReadDevOutEPInterrupt                0x08008501   Thumb Code    16  stm32f4xx_ll_usb.o(i.USB_ReadDevOutEPInterrupt)
    USB_ReadInterrupts                       0x08008511   Thumb Code     8  stm32f4xx_ll_usb.o(i.USB_ReadInterrupts)
    USB_ReadPacket                           0x08008519   Thumb Code    62  stm32f4xx_ll_usb.o(i.USB_ReadPacket)
    USB_SetCurrentMode                       0x08008557   Thumb Code    92  stm32f4xx_ll_usb.o(i.USB_SetCurrentMode)
    USB_SetDevAddress                        0x080085b3   Thumb Code    34  stm32f4xx_ll_usb.o(i.USB_SetDevAddress)
    USB_SetTurnaroundTime                    0x080085d5   Thumb Code   158  stm32f4xx_ll_usb.o(i.USB_SetTurnaroundTime)
    USB_WritePacket                          0x080086bd   Thumb Code    40  stm32f4xx_ll_usb.o(i.USB_WritePacket)
    UsageFault_Handler                       0x080086e5   Thumb Code     2  stm32f4xx_it.o(i.UsageFault_Handler)
    WAV_PlayLoop                             0x080086e9   Thumb Code    88  app_main.o(i.WAV_PlayLoop)
    __0printf                                0x08008761   Thumb Code    22  printfa.o(i.__0printf)
    __1printf                                0x08008761   Thumb Code     0  printfa.o(i.__0printf)
    __2printf                                0x08008761   Thumb Code     0  printfa.o(i.__0printf)
    __c89printf                              0x08008761   Thumb Code     0  printfa.o(i.__0printf)
    printf                                   0x08008761   Thumb Code     0  printfa.o(i.__0printf)
    __scatterload_copy                       0x080087a1   Thumb Code    14  handlers.o(i.__scatterload_copy)
    __scatterload_null                       0x080087af   Thumb Code     2  handlers.o(i.__scatterload_null)
    __scatterload_zeroinit                   0x080087b1   Thumb Code    14  handlers.o(i.__scatterload_zeroinit)
    app_main                                 0x08009075   Thumb Code    54  app_main.o(i.app_main)
    disk_initialize                          0x08009a8d   Thumb Code    38  diskio.o(i.disk_initialize)
    disk_ioctl                               0x08009ab9   Thumb Code    24  diskio.o(i.disk_ioctl)
    disk_read                                0x08009ad5   Thumb Code    24  diskio.o(i.disk_read)
    disk_status                              0x08009af1   Thumb Code    18  diskio.o(i.disk_status)
    disk_write                               0x08009b09   Thumb Code    24  diskio.o(i.disk_write)
    f_close                                  0x08009b25   Thumb Code    40  ff.o(i.f_close)
    f_closedir                               0x08009b4d   Thumb Code    34  ff.o(i.f_closedir)
    f_mount                                  0x08009b71   Thumb Code    84  ff.o(i.f_mount)
    f_open                                   0x08009bc9   Thumb Code   528  ff.o(i.f_open)
    f_opendir                                0x08009ddd   Thumb Code   140  ff.o(i.f_opendir)
    f_read                                   0x08009e69   Thumb Code   338  ff.o(i.f_read)
    f_readdir                                0x08009fbb   Thumb Code    82  ff.o(i.f_readdir)
    f_sync                                   0x0800a00d   Thumb Code   142  ff.o(i.f_sync)
    ff_convert                               0x0800a09d   Thumb Code    68  cc936.o(i.ff_convert)
    ff_wtoupper                              0x0800a0e9   Thumb Code   120  cc936.o(i.ff_wtoupper)
    fputc                                    0x0800a431   Thumb Code    18  usart.o(i.fputc)
    get_fattime                              0x0800a5d5   Thumb Code     4  fatfs.o(i.get_fattime)
    is_wav_file                              0x0800a8e1   Thumb Code    28  app_main.o(i.is_wav_file)
    list_files_in_sd_card                    0x0800a94d   Thumb Code    84  app_main.o(i.list_files_in_sd_card)
    main                                     0x0800a9e9   Thumb Code    70  main.o(i.main)
    mp3dec_decode_frame                      0x0800b509   Thumb Code   784  minimp3.o(i.mp3dec_decode_frame)
    mp3dec_init                              0x0800b819   Thumb Code    12  minimp3.o(i.mp3dec_init)
    AHBPrescTable                            0x0800bb66   Data          16  system_stm32f4xx.o(.constdata)
    APBPrescTable                            0x0800bb76   Data           8  system_stm32f4xx.o(.constdata)
    SD_Driver                                0x0800bb80   Data          20  sd_diskio.o(.constdata)
    STORAGE_Inquirydata_FS                   0x08038644   Data          36  usbd_storage_if.o(.constdata)
    Region$$Table$$Base                      0x080386c8   Number         0  anon$$obj.o(Region$$Table)
    Region$$Table$$Limit                     0x080386e8   Number         0  anon$$obj.o(Region$$Table)
    uwTickFreq                               0x20000000   Data           1  stm32f4xx_hal.o(.data)
    uwTickPrio                               0x20000004   Data           4  stm32f4xx_hal.o(.data)
    uwTick                                   0x20000008   Data           4  stm32f4xx_hal.o(.data)
    SystemCoreClock                          0x2000000c   Data           4  system_stm32f4xx.o(.data)
    retSD                                    0x20000011   Data           1  fatfs.o(.data)
    SDPath                                   0x20000012   Data           4  fatfs.o(.data)
    dma_buf_idx                              0x20000020   Data           1  app_main.o(.data)
    is_dma_idle                              0x20000021   Data           1  app_main.o(.data)
    next_song_flag                           0x20000022   Data           1  app_main.o(.data)
    res                                      0x20000023   Data           1  app_main.o(.data)
    pcm_ready                                0x20000024   Data           2  app_main.o(.data)
    mp3_data_pos                             0x20000028   Data           4  app_main.o(.data)
    mp3_data_remain                          0x2000002c   Data           4  app_main.o(.data)
    current_song_index                       0x20000030   Data           4  app_main.o(.data)
    is_wav                                   0x20000034   Data           4  app_main.o(.data)
    playlist_len                             0x20000038   Data           4  app_main.o(.data)
    samples                                  0x2000003c   Data           4  app_main.o(.data)
    bytesRead                                0x20000040   Data           4  app_main.o(.data)
    now_time                                 0x20000044   Data           4  app_main.o(.data)
    playlist                                 0x20000048   Data          20  app_main.o(.data)
    FS_Desc                                  0x2000005c   Data          28  usbd_desc.o(.data)
    USBD_LangIDDesc                          0x20000078   Data           4  usbd_desc.o(.data)
    USBD_FS_DeviceDesc                       0x2000007c   Data          18  usbd_desc.o(.data)
    USBD_StringSerial                        0x20000090   Data          26  usbd_desc.o(.data)
    USBD_Storage_Interface_fops_FS           0x200000ac   Data          32  usbd_storage_if.o(.data)
    USBD_MSC                                 0x200000d0   Data          56  usbd_msc.o(.data)
    MSCInEpAdd                               0x20000108   Data           1  usbd_msc.o(.data)
    MSCOutEpAdd                              0x20000109   Data           1  usbd_msc.o(.data)
    MSC_Page00_Inquiry_Data                  0x20000136   Data           6  usbd_msc_data.o(.data)
    MSC_Page80_Inquiry_Data                  0x2000013c   Data           8  usbd_msc_data.o(.data)
    MSC_Mode_Sense6_data                     0x20000144   Data           4  usbd_msc_data.o(.data)
    MSC_Mode_Sense10_data                    0x20000148   Data           8  usbd_msc_data.o(.data)
    __stdout                                 0x20000150   Data           4  stdout.o(.data)
    fs1                                      0x20000154   Data         564  main.o(.bss)
    hadc1                                    0x20000388   Data          72  adc.o(.bss)
    hi2s2                                    0x200003d0   Data          72  i2s.o(.bss)
    hdma_spi2_tx                             0x20000418   Data          96  i2s.o(.bss)
    hsd                                      0x20000478   Data         132  sdio.o(.bss)
    hdma_sdio_rx                             0x200004fc   Data          96  sdio.o(.bss)
    htim1                                    0x2000055c   Data          72  tim.o(.bss)
    htim2                                    0x200005a4   Data          72  tim.o(.bss)
    huart1                                   0x200005ec   Data          72  usart.o(.bss)
    disk                                     0x20000654   Data          12  ff_gen_drv.o(.bss)
    mp3_buf                                  0x20000660   Data        2048  app_main.o(.bss)
    pcm_dma_buf                              0x20000e60   Data        9216  app_main.o(.bss)
    mp3d                                     0x20003260   Data        6668  app_main.o(.bss)
    info                                     0x20004c6c   Data          24  app_main.o(.bss)
    file                                     0x20004c84   Data         560  app_main.o(.bss)
    fs                                       0x20004eb4   Data         564  app_main.o(.bss)
    fno                                      0x200050e8   Data         280  app_main.o(.bss)
    dir                                      0x20005200   Data          52  app_main.o(.bss)
    hUsbDeviceFS                             0x20005234   Data         732  usb_device.o(.bss)
    USBD_StrDesc                             0x20005510   Data         512  usbd_desc.o(.bss)
    hpcd_USB_OTG_FS                          0x20005988   Data        1252  usbd_conf.o(.bss)
    __initial_sp                             0x20015e70   Data           0  startup_stm32f407xx.o(STACK)



==============================================================================

Memory Map of the image

  Image Entry point : 0x08000189

  Load Region LR_IROM1 (Base: 0x08000000, Size: 0x0003883c, Max: 0x00080000, ABSOLUTE, COMPRESSED[0x000387a8])

    Execution Region ER_IROM1 (Exec base: 0x08000000, Load base: 0x08000000, Size: 0x000386e8, Max: 0x00080000, ABSOLUTE)

    Exec Addr    Load Addr    Size         Type   Attr      Idx    E Section Name        Object

    0x08000000   0x08000000   0x00000188   Data   RO            3    RESET               startup_stm32f407xx.o
    0x08000188   0x08000188   0x00000000   Code   RO         6889  * .ARM.Collect$$$$00000000  mc_w.l(entry.o)
    0x08000188   0x08000188   0x00000004   Code   RO         7171    .ARM.Collect$$$$00000001  mc_w.l(entry2.o)
    0x0800018c   0x0800018c   0x00000004   Code   RO         7174    .ARM.Collect$$$$00000004  mc_w.l(entry5.o)
    0x08000190   0x08000190   0x00000000   Code   RO         7176    .ARM.Collect$$$$00000008  mc_w.l(entry7b.o)
    0x08000190   0x08000190   0x00000000   Code   RO         7178    .ARM.Collect$$$$0000000A  mc_w.l(entry8b.o)
    0x08000190   0x08000190   0x00000008   Code   RO         7179    .ARM.Collect$$$$0000000B  mc_w.l(entry9a.o)
    0x08000198   0x08000198   0x00000000   Code   RO         7181    .ARM.Collect$$$$0000000D  mc_w.l(entry10a.o)
    0x08000198   0x08000198   0x00000000   Code   RO         7183    .ARM.Collect$$$$0000000F  mc_w.l(entry11a.o)
    0x08000198   0x08000198   0x00000004   Code   RO         7172    .ARM.Collect$$$$00002712  mc_w.l(entry2.o)
    0x0800019c   0x0800019c   0x00000024   Code   RO            4    .text               startup_stm32f407xx.o
    0x080001c0   0x080001c0   0x00000062   Code   RO         6892    .text               mc_w.l(uldiv.o)
    0x08000222   0x08000222   0x00000040   Code   RO         6896    .text               mc_w.l(memmovea.o)
    0x08000262   0x08000262   0x00000024   Code   RO         6898    .text               mc_w.l(memseta.o)
    0x08000286   0x08000286   0x00000020   Code   RO         6902    .text               mc_w.l(strrchr.o)
    0x080002a6   0x080002a6   0x0000002a   Code   RO         6908    .text               mc_w.l(strcasecmp.o)
    0x080002d0   0x080002d0   0x0000002c   Code   RO         7186    .text               mc_w.l(uidiv.o)
    0x080002fc   0x080002fc   0x0000001e   Code   RO         7188    .text               mc_w.l(llshl.o)
    0x0800031a   0x0800031a   0x00000020   Code   RO         7190    .text               mc_w.l(llushr.o)
    0x0800033a   0x0800033a   0x0000000c   Code   RO         7192    .text               mc_w.l(tolower.o)
    0x08000346   0x08000346   0x00000000   Code   RO         7194    .text               mc_w.l(iusefp.o)
    0x08000346   0x08000346   0x0000014e   Code   RO         7195    .text               mf_w.l(dadd.o)
    0x08000494   0x08000494   0x000000e4   Code   RO         7197    .text               mf_w.l(dmul.o)
    0x08000578   0x08000578   0x000000de   Code   RO         7199    .text               mf_w.l(ddiv.o)
    0x08000656   0x08000656   0x00000030   Code   RO         7201    .text               mf_w.l(dfixul.o)
    0x08000686   0x08000686   0x00000002   PAD
    0x08000688   0x08000688   0x00000030   Code   RO         7203    .text               mf_w.l(cdrcmple.o)
    0x080006b8   0x080006b8   0x00000024   Code   RO         7205    .text               mc_w.l(init.o)
    0x080006dc   0x080006dc   0x00000024   Code   RO         7207    .text               mc_w.l(llsshr.o)
    0x08000700   0x08000700   0x000000ba   Code   RO         7209    .text               mf_w.l(depilogue.o)
    0x080007ba   0x080007ba   0x00000056   Code   RO         7219    .text               mc_w.l(__dczerorl2.o)
    0x08000810   0x08000810   0x00000128   Code   RO         2409    i.ADC_Init          stm32f4xx_hal_adc.o
    0x08000938   0x08000938   0x00000018   Code   RO         5031    i.BSP_PlatformIsDetected  fatfs_platform.o
    0x08000950   0x08000950   0x0000000c   Code   RO         4853    i.BSP_SD_GetCardInfo  bsp_driver_sd.o
    0x0800095c   0x0800095c   0x00000018   Code   RO         4854    i.BSP_SD_GetCardState  bsp_driver_sd.o
    0x08000974   0x08000974   0x0000001c   Code   RO         4856    i.BSP_SD_Init       bsp_driver_sd.o
    0x08000990   0x08000990   0x0000001a   Code   RO         4857    i.BSP_SD_IsDetected  bsp_driver_sd.o
    0x080009aa   0x080009aa   0x00000002   PAD
    0x080009ac   0x080009ac   0x00000020   Code   RO         4858    i.BSP_SD_ReadBlocks  bsp_driver_sd.o
    0x080009cc   0x080009cc   0x00000020   Code   RO         4861    i.BSP_SD_WriteBlocks  bsp_driver_sd.o
    0x080009ec   0x080009ec   0x00000002   Code   RO          547    i.BusFault_Handler  stm32f4xx_it.o
    0x080009ee   0x080009ee   0x00000002   PAD
    0x080009f0   0x080009f0   0x0000000c   Code   RO          548    i.DMA1_Stream4_IRQHandler  stm32f4xx_it.o
    0x080009fc   0x080009fc   0x0000000c   Code   RO          549    i.DMA2_Stream3_IRQHandler  stm32f4xx_it.o
    0x08000a08   0x08000a08   0x00000028   Code   RO         1715    i.DMA_CalcBaseAndBitshift  stm32f4xx_hal_dma.o
    0x08000a30   0x08000a30   0x00000054   Code   RO         1716    i.DMA_CheckFifoParam  stm32f4xx_hal_dma.o
    0x08000a84   0x08000a84   0x00000028   Code   RO         1717    i.DMA_SetConfig     stm32f4xx_hal_dma.o
    0x08000aac   0x08000aac   0x00000002   Code   RO          550    i.DebugMon_Handler  stm32f4xx_it.o
    0x08000aae   0x08000aae   0x00000006   Code   RO          551    i.EXTI0_IRQHandler  stm32f4xx_it.o
    0x08000ab4   0x08000ab4   0x00000004   Code   RO           13    i.Error_Handler     main.o
    0x08000ab8   0x08000ab8   0x00000006   Code   RO         5502    i.FATFS_LinkDriver  ff_gen_drv.o
    0x08000abe   0x08000abe   0x00000002   PAD
    0x08000ac0   0x08000ac0   0x00000040   Code   RO         5503    i.FATFS_LinkDriverEx  ff_gen_drv.o
    0x08000b00   0x08000b00   0x0000014c   Code   RO         2411    i.HAL_ADC_ConfigChannel  stm32f4xx_hal_adc.o
    0x08000c4c   0x08000c4c   0x00000054   Code   RO         2420    i.HAL_ADC_Init      stm32f4xx_hal_adc.o
    0x08000ca0   0x08000ca0   0x00000060   Code   RO          289    i.HAL_ADC_MspInit   adc.o
    0x08000d00   0x08000d00   0x000001a0   Code   RO         1723    i.HAL_DMA_IRQHandler  stm32f4xx_hal_dma.o
    0x08000ea0   0x08000ea0   0x000000d4   Code   RO         1724    i.HAL_DMA_Init      stm32f4xx_hal_dma.o
    0x08000f74   0x08000f74   0x0000006e   Code   RO         1728    i.HAL_DMA_Start_IT  stm32f4xx_hal_dma.o
    0x08000fe2   0x08000fe2   0x00000002   PAD
    0x08000fe4   0x08000fe4   0x00000024   Code   RO         2155    i.HAL_Delay         stm32f4xx_hal.o
    0x08001008   0x08001008   0x0000001c   Code   RO         5812    i.HAL_GPIO_EXTI_Callback  app_main.o
    0x08001024   0x08001024   0x00000018   Code   RO         1610    i.HAL_GPIO_EXTI_IRQHandler  stm32f4xx_hal_gpio.o
    0x0800103c   0x0800103c   0x000001f0   Code   RO         1611    i.HAL_GPIO_Init     stm32f4xx_hal_gpio.o
    0x0800122c   0x0800122c   0x0000000a   Code   RO         1613    i.HAL_GPIO_ReadPin  stm32f4xx_hal_gpio.o
    0x08001236   0x08001236   0x00000010   Code   RO         1614    i.HAL_GPIO_TogglePin  stm32f4xx_hal_gpio.o
    0x08001246   0x08001246   0x0000000a   Code   RO         1615    i.HAL_GPIO_WritePin  stm32f4xx_hal_gpio.o
    0x08001250   0x08001250   0x0000000c   Code   RO         2161    i.HAL_GetTick       stm32f4xx_hal.o
    0x0800125c   0x0800125c   0x000001f4   Code   RO         2863    i.HAL_I2SEx_FullDuplex_IRQHandler  stm32f4xx_hal_i2s_ex.o
    0x08001450   0x08001450   0x00000002   Code   RO         2867    i.HAL_I2SEx_TxRxCpltCallback  stm32f4xx_hal_i2s_ex.o
    0x08001452   0x08001452   0x00000002   Code   RO         2688    i.HAL_I2S_ErrorCallback  stm32f4xx_hal_i2s.o
    0x08001454   0x08001454   0x00000174   Code   RO         2692    i.HAL_I2S_Init      stm32f4xx_hal_i2s.o
    0x080015c8   0x080015c8   0x000000e4   Code   RO          355    i.HAL_I2S_MspInit   i2s.o
    0x080016ac   0x080016ac   0x00000002   Code   RO         2698    i.HAL_I2S_RxCpltCallback  stm32f4xx_hal_i2s.o
    0x080016ae   0x080016ae   0x00000002   PAD
    0x080016b0   0x080016b0   0x000000c0   Code   RO         2701    i.HAL_I2S_Transmit_DMA  stm32f4xx_hal_i2s.o
    0x08001770   0x08001770   0x00000054   Code   RO         5813    i.HAL_I2S_TxCpltCallback  app_main.o
    0x080017c4   0x080017c4   0x00000002   Code   RO         2704    i.HAL_I2S_TxHalfCpltCallback  stm32f4xx_hal_i2s.o
    0x080017c6   0x080017c6   0x00000002   PAD
    0x080017c8   0x080017c8   0x00000010   Code   RO         2167    i.HAL_IncTick       stm32f4xx_hal.o
    0x080017d8   0x080017d8   0x00000034   Code   RO         2168    i.HAL_Init          stm32f4xx_hal.o
    0x0800180c   0x0800180c   0x00000040   Code   RO         2169    i.HAL_InitTick      stm32f4xx_hal.o
    0x0800184c   0x0800184c   0x00000030   Code   RO          647    i.HAL_MspInit       stm32f4xx_hal_msp.o
    0x0800187c   0x0800187c   0x0000001a   Code   RO         2003    i.HAL_NVIC_EnableIRQ  stm32f4xx_hal_cortex.o
    0x08001896   0x08001896   0x00000002   PAD
    0x08001898   0x08001898   0x00000040   Code   RO         2009    i.HAL_NVIC_SetPriority  stm32f4xx_hal_cortex.o
    0x080018d8   0x080018d8   0x00000024   Code   RO         2010    i.HAL_NVIC_SetPriorityGrouping  stm32f4xx_hal_cortex.o
    0x080018fc   0x080018fc   0x00000002   Code   RO          910    i.HAL_PCDEx_LPM_Callback  stm32f4xx_hal_pcd_ex.o
    0x080018fe   0x080018fe   0x00000008   Code   RO          911    i.HAL_PCDEx_SetRxFiFo  stm32f4xx_hal_pcd_ex.o
    0x08001906   0x08001906   0x00000044   Code   RO          912    i.HAL_PCDEx_SetTxFiFo  stm32f4xx_hal_pcd_ex.o
    0x0800194a   0x0800194a   0x00000008   Code   RO         6100    i.HAL_PCD_ConnectCallback  usbd_conf.o
    0x08001952   0x08001952   0x00000012   Code   RO         6101    i.HAL_PCD_DataInStageCallback  usbd_conf.o
    0x08001964   0x08001964   0x00000014   Code   RO         6102    i.HAL_PCD_DataOutStageCallback  usbd_conf.o
    0x08001978   0x08001978   0x00000008   Code   RO         6103    i.HAL_PCD_DisconnectCallback  usbd_conf.o
    0x08001980   0x08001980   0x0000001e   Code   RO          680    i.HAL_PCD_EP_Abort  stm32f4xx_hal_pcd.o
    0x0800199e   0x0800199e   0x0000004a   Code   RO          681    i.HAL_PCD_EP_Close  stm32f4xx_hal_pcd.o
    0x080019e8   0x080019e8   0x0000005a   Code   RO          682    i.HAL_PCD_EP_ClrStall  stm32f4xx_hal_pcd.o
    0x08001a42   0x08001a42   0x00000034   Code   RO          683    i.HAL_PCD_EP_Flush  stm32f4xx_hal_pcd.o
    0x08001a76   0x08001a76   0x00000012   Code   RO          684    i.HAL_PCD_EP_GetRxCount  stm32f4xx_hal_pcd.o
    0x08001a88   0x08001a88   0x00000062   Code   RO          685    i.HAL_PCD_EP_Open   stm32f4xx_hal_pcd.o
    0x08001aea   0x08001aea   0x00000038   Code   RO          686    i.HAL_PCD_EP_Receive  stm32f4xx_hal_pcd.o
    0x08001b22   0x08001b22   0x00000072   Code   RO          687    i.HAL_PCD_EP_SetStall  stm32f4xx_hal_pcd.o
    0x08001b94   0x08001b94   0x00000032   Code   RO          688    i.HAL_PCD_EP_Transmit  stm32f4xx_hal_pcd.o
    0x08001bc6   0x08001bc6   0x00000002   PAD
    0x08001bc8   0x08001bc8   0x0000055c   Code   RO          690    i.HAL_PCD_IRQHandler  stm32f4xx_hal_pcd.o
    0x08002124   0x08002124   0x00000008   Code   RO         6104    i.HAL_PCD_ISOINIncompleteCallback  usbd_conf.o
    0x0800212c   0x0800212c   0x00000008   Code   RO         6105    i.HAL_PCD_ISOOUTIncompleteCallback  usbd_conf.o
    0x08002134   0x08002134   0x000000cc   Code   RO          693    i.HAL_PCD_Init      stm32f4xx_hal_pcd.o
    0x08002200   0x08002200   0x00000084   Code   RO         6107    i.HAL_PCD_MspInit   usbd_conf.o
    0x08002284   0x08002284   0x0000002c   Code   RO         6108    i.HAL_PCD_ResetCallback  usbd_conf.o
    0x080022b0   0x080022b0   0x00000008   Code   RO         6109    i.HAL_PCD_ResumeCallback  usbd_conf.o
    0x080022b8   0x080022b8   0x00000008   Code   RO         6110    i.HAL_PCD_SOFCallback  usbd_conf.o
    0x080022c0   0x080022c0   0x00000026   Code   RO          699    i.HAL_PCD_SetAddress  stm32f4xx_hal_pcd.o
    0x080022e6   0x080022e6   0x0000000e   Code   RO         6111    i.HAL_PCD_SetupStageCallback  usbd_conf.o
    0x080022f4   0x080022f4   0x00000042   Code   RO          702    i.HAL_PCD_Start     stm32f4xx_hal_pcd.o
    0x08002336   0x08002336   0x00000002   PAD
    0x08002338   0x08002338   0x00000030   Code   RO         6112    i.HAL_PCD_SuspendCallback  usbd_conf.o
    0x08002368   0x08002368   0x00000060   Code   RO         1361    i.HAL_RCCEx_GetPeriphCLKFreq  stm32f4xx_hal_rcc_ex.o
    0x080023c8   0x080023c8   0x0000013c   Code   RO         1362    i.HAL_RCCEx_PeriphCLKConfig  stm32f4xx_hal_rcc_ex.o
    0x08002504   0x08002504   0x00000134   Code   RO         1257    i.HAL_RCC_ClockConfig  stm32f4xx_hal_rcc.o
    0x08002638   0x08002638   0x0000000c   Code   RO         1262    i.HAL_RCC_GetHCLKFreq  stm32f4xx_hal_rcc.o
    0x08002644   0x08002644   0x00000020   Code   RO         1264    i.HAL_RCC_GetPCLK1Freq  stm32f4xx_hal_rcc.o
    0x08002664   0x08002664   0x00000020   Code   RO         1265    i.HAL_RCC_GetPCLK2Freq  stm32f4xx_hal_rcc.o
    0x08002684   0x08002684   0x00000060   Code   RO         1266    i.HAL_RCC_GetSysClockFreq  stm32f4xx_hal_rcc.o
    0x080026e4   0x080026e4   0x0000036c   Code   RO         1269    i.HAL_RCC_OscConfig  stm32f4xx_hal_rcc.o
    0x08002a50   0x08002a50   0x00000198   Code   RO         3241    i.HAL_SD_GetCardCSD  stm32f4xx_hal_sd.o
    0x08002be8   0x08002be8   0x00000024   Code   RO         3242    i.HAL_SD_GetCardInfo  stm32f4xx_hal_sd.o
    0x08002c0c   0x08002c0c   0x0000002c   Code   RO         3243    i.HAL_SD_GetCardState  stm32f4xx_hal_sd.o
    0x08002c38   0x08002c38   0x00000036   Code   RO         3248    i.HAL_SD_Init       stm32f4xx_hal_sd.o
    0x08002c6e   0x08002c6e   0x00000002   PAD
    0x08002c70   0x08002c70   0x0000007c   Code   RO         3249    i.HAL_SD_InitCard   stm32f4xx_hal_sd.o
    0x08002cec   0x08002cec   0x000000dc   Code   RO          397    i.HAL_SD_MspInit    sdio.o
    0x08002dc8   0x08002dc8   0x000001e0   Code   RO         3252    i.HAL_SD_ReadBlocks  stm32f4xx_hal_sd.o
    0x08002fa8   0x08002fa8   0x000001b0   Code   RO         3257    i.HAL_SD_WriteBlocks  stm32f4xx_hal_sd.o
    0x08003158   0x08003158   0x00000028   Code   RO         2014    i.HAL_SYSTICK_Config  stm32f4xx_hal_cortex.o
    0x08003180   0x08003180   0x00000090   Code   RO         4201    i.HAL_TIMEx_MasterConfigSynchronization  stm32f4xx_hal_tim_ex.o
    0x08003210   0x08003210   0x0000005a   Code   RO         3478    i.HAL_TIM_Base_Init  stm32f4xx_hal_tim.o
    0x0800326a   0x0800326a   0x00000002   PAD
    0x0800326c   0x0800326c   0x00000034   Code   RO          439    i.HAL_TIM_Base_MspInit  tim.o
    0x080032a0   0x080032a0   0x000000dc   Code   RO         3487    i.HAL_TIM_ConfigClockSource  stm32f4xx_hal_tim.o
    0x0800337c   0x0800337c   0x00000064   Code   RO         4479    i.HAL_UART_Init     stm32f4xx_hal_uart.o
    0x080033e0   0x080033e0   0x0000006c   Code   RO          487    i.HAL_UART_MspInit  usart.o
    0x0800344c   0x0800344c   0x000000a0   Code   RO         4487    i.HAL_UART_Transmit  stm32f4xx_hal_uart.o
    0x080034ec   0x080034ec   0x00000002   Code   RO          552    i.HardFault_Handler  stm32f4xx_it.o
    0x080034ee   0x080034ee   0x00000002   PAD
    0x080034f0   0x080034f0   0x00000060   Code   RO         2870    i.I2SEx_RxISR_I2SExt  stm32f4xx_hal_i2s_ex.o
    0x08003550   0x08003550   0x00000060   Code   RO         2871    i.I2SEx_TxISR_I2SExt  stm32f4xx_hal_i2s_ex.o
    0x080035b0   0x080035b0   0x00000028   Code   RO         2705    i.I2S_DMAError      stm32f4xx_hal_i2s.o
    0x080035d8   0x080035d8   0x00000024   Code   RO         2708    i.I2S_DMATxCplt     stm32f4xx_hal_i2s.o
    0x080035fc   0x080035fc   0x0000000a   Code   RO         2709    i.I2S_DMATxHalfCplt  stm32f4xx_hal_i2s.o
    0x08003606   0x08003606   0x000000f2   Code   RO         2710    i.I2S_IRQHandler    stm32f4xx_hal_i2s.o
    0x080036f8   0x080036f8   0x00000038   Code   RO         5953    i.IntToUnicode      usbd_desc.o
    0x08003730   0x08003730   0x000000d4   Code   RO         5605    i.L12_dequantize_granule  minimp3.o
    0x08003804   0x08003804   0x000000e0   Code   RO         5606    i.L12_read_scale_info  minimp3.o
    0x080038e4   0x080038e4   0x00000088   Code   RO         5607    i.L12_read_scalefactors  minimp3.o
    0x0800396c   0x0800396c   0x00000098   Code   RO         5608    i.L12_subband_alloc_table  minimp3.o
    0x08003a04   0x08003a04   0x0000005c   Code   RO         5609    i.L3_antialias      minimp3.o
    0x08003a60   0x08003a60   0x0000013c   Code   RO         5610    i.L3_dct3_9         minimp3.o
    0x08003b9c   0x08003b9c   0x000001bc   Code   RO         5611    i.L3_decode         minimp3.o
    0x08003d58   0x08003d58   0x0000018c   Code   RO         5612    i.L3_decode_scalefactors  minimp3.o
    0x08003ee4   0x08003ee4   0x0000041a   Code   RO         5613    i.L3_huffman        minimp3.o
    0x080042fe   0x080042fe   0x00000002   PAD
    0x08004300   0x08004300   0x00000034   Code   RO         5614    i.L3_idct3          minimp3.o
    0x08004334   0x08004334   0x000000f0   Code   RO         5615    i.L3_imdct12        minimp3.o
    0x08004424   0x08004424   0x0000015c   Code   RO         5616    i.L3_imdct36        minimp3.o
    0x08004580   0x08004580   0x000000a4   Code   RO         5617    i.L3_imdct_gr       minimp3.o
    0x08004624   0x08004624   0x000000ea   Code   RO         5618    i.L3_intensity_stereo  minimp3.o
    0x0800470e   0x0800470e   0x00000002   PAD
    0x08004710   0x08004710   0x00000040   Code   RO         5619    i.L3_ldexp_q2       minimp3.o
    0x08004750   0x08004750   0x00000034   Code   RO         5620    i.L3_midside_stereo  minimp3.o
    0x08004784   0x08004784   0x0000009e   Code   RO         5621    i.L3_read_scalefactors  minimp3.o
    0x08004822   0x08004822   0x00000002   PAD
    0x08004824   0x08004824   0x00000220   Code   RO         5622    i.L3_read_side_info  minimp3.o
    0x08004a44   0x08004a44   0x00000088   Code   RO         5623    i.L3_restore_reservoir  minimp3.o
    0x08004acc   0x08004acc   0x000000f0   Code   RO         5624    i.L3_stereo_process  minimp3.o
    0x08004bbc   0x08004bbc   0x000000fc   Code   RO         5814    i.MP3_PlayLoop      app_main.o
    0x08004cb8   0x08004cb8   0x00000100   Code   RO         5815    i.MP3_StartPlayback  app_main.o
    0x08004db8   0x08004db8   0x00000108   Code   RO         5816    i.MP3_SwitchSong    app_main.o
    0x08004ec0   0x08004ec0   0x00000060   Code   RO         6689    i.MSC_BOT_Abort     usbd_msc_bot.o
    0x08004f20   0x08004f20   0x000000f0   Code   RO         6690    i.MSC_BOT_CBW_Decode  usbd_msc_bot.o
    0x08005010   0x08005010   0x00000050   Code   RO         6691    i.MSC_BOT_CplClrFeature  usbd_msc_bot.o
    0x08005060   0x08005060   0x00000046   Code   RO         6692    i.MSC_BOT_DataIn    usbd_msc_bot.o
    0x080050a6   0x080050a6   0x00000046   Code   RO         6693    i.MSC_BOT_DataOut   usbd_msc_bot.o
    0x080050ec   0x080050ec   0x00000016   Code   RO         6694    i.MSC_BOT_DeInit    usbd_msc_bot.o
    0x08005102   0x08005102   0x00000002   PAD
    0x08005104   0x08005104   0x00000068   Code   RO         6695    i.MSC_BOT_Init      usbd_msc_bot.o
    0x0800516c   0x0800516c   0x0000004c   Code   RO         6696    i.MSC_BOT_Reset     usbd_msc_bot.o
    0x080051b8   0x080051b8   0x00000054   Code   RO         6697    i.MSC_BOT_SendCSW   usbd_msc_bot.o
    0x0800520c   0x0800520c   0x00000064   Code   RO          290    i.MX_ADC1_Init      adc.o
    0x08005270   0x08005270   0x0000004c   Code   RO          330    i.MX_DMA_Init       dma.o
    0x080052bc   0x080052bc   0x0000001c   Code   RO         5055    i.MX_FATFS_Init     fatfs.o
    0x080052d8   0x080052d8   0x000000e4   Code   RO          260    i.MX_GPIO_Init      gpio.o
    0x080053bc   0x080053bc   0x0000003c   Code   RO          356    i.MX_I2S2_Init      i2s.o
    0x080053f8   0x080053f8   0x00000020   Code   RO          398    i.MX_SDIO_SD_Init   sdio.o
    0x08005418   0x08005418   0x00000070   Code   RO          440    i.MX_TIM1_Init      tim.o
    0x08005488   0x08005488   0x0000006c   Code   RO          441    i.MX_TIM2_Init      tim.o
    0x080054f4   0x080054f4   0x00000038   Code   RO          488    i.MX_USART1_UART_Init  usart.o
    0x0800552c   0x0800552c   0x00000054   Code   RO         5918    i.MX_USB_DEVICE_Init  usb_device.o
    0x08005580   0x08005580   0x00000002   Code   RO          553    i.MemManage_Handler  stm32f4xx_it.o
    0x08005582   0x08005582   0x00000002   Code   RO          554    i.NMI_Handler       stm32f4xx_it.o
    0x08005584   0x08005584   0x0000000c   Code   RO          555    i.OTG_FS_IRQHandler  stm32f4xx_it.o
    0x08005590   0x08005590   0x000000cc   Code   RO          706    i.PCD_EP_OutXfrComplete_int  stm32f4xx_hal_pcd.o
    0x0800565c   0x0800565c   0x000000a2   Code   RO          707    i.PCD_WriteEmptyTxFifo  stm32f4xx_hal_pcd.o
    0x080056fe   0x080056fe   0x00000002   Code   RO          556    i.PendSV_Handler    stm32f4xx_it.o
    0x08005700   0x08005700   0x0000002e   Code   RO         6787    i.SCSI_CheckAddressRange  usbd_msc_scsi.o
    0x0800572e   0x0800572e   0x00000002   PAD
    0x08005730   0x08005730   0x0000007c   Code   RO         6788    i.SCSI_Inquiry      usbd_msc_scsi.o
    0x080057ac   0x080057ac   0x000001ac   Code   RO         6789    i.SCSI_ProcessCmd   usbd_msc_scsi.o
    0x08005958   0x08005958   0x000000a8   Code   RO         6790    i.SCSI_ProcessRead  usbd_msc_scsi.o
    0x08005a00   0x08005a00   0x000000b4   Code   RO         6791    i.SCSI_ProcessWrite  usbd_msc_scsi.o
    0x08005ab4   0x08005ab4   0x000000ac   Code   RO         6792    i.SCSI_Read10       usbd_msc_scsi.o
    0x08005b60   0x08005b60   0x000000b2   Code   RO         6793    i.SCSI_Read12       usbd_msc_scsi.o
    0x08005c12   0x08005c12   0x00000076   Code   RO         6794    i.SCSI_ReadCapacity10  usbd_msc_scsi.o
    0x08005c88   0x08005c88   0x000000a4   Code   RO         6795    i.SCSI_ReadCapacity16  usbd_msc_scsi.o
    0x08005d2c   0x08005d2c   0x00000086   Code   RO         6796    i.SCSI_ReadFormatCapacity  usbd_msc_scsi.o
    0x08005db2   0x08005db2   0x00000088   Code   RO         6797    i.SCSI_RequestSense  usbd_msc_scsi.o
    0x08005e3a   0x08005e3a   0x0000004c   Code   RO         6798    i.SCSI_SenseCode    usbd_msc_scsi.o
    0x08005e86   0x08005e86   0x00000060   Code   RO         6799    i.SCSI_TestUnitReady  usbd_msc_scsi.o
    0x08005ee6   0x08005ee6   0x00000020   Code   RO         6800    i.SCSI_UpdateBotData  usbd_msc_scsi.o
    0x08005f06   0x08005f06   0x00000002   PAD
    0x08005f08   0x08005f08   0x000000e0   Code   RO         6801    i.SCSI_Write10      usbd_msc_scsi.o
    0x08005fe8   0x08005fe8   0x000000ec   Code   RO         6802    i.SCSI_Write12      usbd_msc_scsi.o
    0x080060d4   0x080060d4   0x00000024   Code   RO         2947    i.SDIO_ConfigData   stm32f4xx_ll_sdmmc.o
    0x080060f8   0x080060f8   0x00000008   Code   RO         2951    i.SDIO_GetPowerState  stm32f4xx_ll_sdmmc.o
    0x08006100   0x08006100   0x00000006   Code   RO         2952    i.SDIO_GetResponse  stm32f4xx_ll_sdmmc.o
    0x08006106   0x08006106   0x00000024   Code   RO         2953    i.SDIO_Init         stm32f4xx_ll_sdmmc.o
    0x0800612a   0x0800612a   0x00000008   Code   RO         2955    i.SDIO_PowerState_ON  stm32f4xx_ll_sdmmc.o
    0x08006132   0x08006132   0x00000006   Code   RO         2956    i.SDIO_ReadFIFO     stm32f4xx_ll_sdmmc.o
    0x08006138   0x08006138   0x00000020   Code   RO         2957    i.SDIO_SendCommand  stm32f4xx_ll_sdmmc.o
    0x08006158   0x08006158   0x0000000a   Code   RO         2959    i.SDIO_WriteFIFO    stm32f4xx_ll_sdmmc.o
    0x08006162   0x08006162   0x00000032   Code   RO         2960    i.SDMMC_CmdAppCommand  stm32f4xx_ll_sdmmc.o
    0x08006194   0x08006194   0x00000034   Code   RO         2961    i.SDMMC_CmdAppOperCommand  stm32f4xx_ll_sdmmc.o
    0x080061c8   0x080061c8   0x00000032   Code   RO         2962    i.SDMMC_CmdBlockLength  stm32f4xx_ll_sdmmc.o
    0x080061fa   0x080061fa   0x00000002   PAD
    0x080061fc   0x080061fc   0x00000050   Code   RO         2967    i.SDMMC_CmdGoIdleState  stm32f4xx_ll_sdmmc.o
    0x0800624c   0x0800624c   0x00000030   Code   RO         2969    i.SDMMC_CmdOperCond  stm32f4xx_ll_sdmmc.o
    0x0800627c   0x0800627c   0x00000032   Code   RO         2970    i.SDMMC_CmdReadMultiBlock  stm32f4xx_ll_sdmmc.o
    0x080062ae   0x080062ae   0x00000032   Code   RO         2971    i.SDMMC_CmdReadSingleBlock  stm32f4xx_ll_sdmmc.o
    0x080062e0   0x080062e0   0x00000032   Code   RO         2974    i.SDMMC_CmdSelDesel  stm32f4xx_ll_sdmmc.o
    0x08006312   0x08006312   0x0000002c   Code   RO         2975    i.SDMMC_CmdSendCID  stm32f4xx_ll_sdmmc.o
    0x0800633e   0x0800633e   0x0000002c   Code   RO         2976    i.SDMMC_CmdSendCSD  stm32f4xx_ll_sdmmc.o
    0x0800636a   0x0800636a   0x00000032   Code   RO         2979    i.SDMMC_CmdSendStatus  stm32f4xx_ll_sdmmc.o
    0x0800639c   0x0800639c   0x00000030   Code   RO         2980    i.SDMMC_CmdSetRelAdd  stm32f4xx_ll_sdmmc.o
    0x080063cc   0x080063cc   0x00000034   Code   RO         2983    i.SDMMC_CmdStopTransfer  stm32f4xx_ll_sdmmc.o
    0x08006400   0x08006400   0x00000032   Code   RO         2985    i.SDMMC_CmdWriteMultiBlock  stm32f4xx_ll_sdmmc.o
    0x08006432   0x08006432   0x00000032   Code   RO         2986    i.SDMMC_CmdWriteSingleBlock  stm32f4xx_ll_sdmmc.o
    0x08006464   0x08006464   0x00000120   Code   RO         2987    i.SDMMC_GetCmdResp1  stm32f4xx_ll_sdmmc.o
    0x08006584   0x08006584   0x00000050   Code   RO         2988    i.SDMMC_GetCmdResp2  stm32f4xx_ll_sdmmc.o
    0x080065d4   0x080065d4   0x00000044   Code   RO         2989    i.SDMMC_GetCmdResp3  stm32f4xx_ll_sdmmc.o
    0x08006618   0x08006618   0x00000088   Code   RO         2990    i.SDMMC_GetCmdResp6  stm32f4xx_ll_sdmmc.o
    0x080066a0   0x080066a0   0x00000058   Code   RO         2991    i.SDMMC_GetCmdResp7  stm32f4xx_ll_sdmmc.o
    0x080066f8   0x080066f8   0x00000020   Code   RO         4971    i.SD_CheckStatus    sd_diskio.o
    0x08006718   0x08006718   0x000000ee   Code   RO         3266    i.SD_InitCard       stm32f4xx_hal_sd.o
    0x08006806   0x08006806   0x00000002   PAD
    0x08006808   0x08006808   0x000000b4   Code   RO         3267    i.SD_PowerON        stm32f4xx_hal_sd.o
    0x080068bc   0x080068bc   0x00000020   Code   RO         4972    i.SD_initialize     sd_diskio.o
    0x080068dc   0x080068dc   0x00000050   Code   RO         4973    i.SD_ioctl          sd_diskio.o
    0x0800692c   0x0800692c   0x00000026   Code   RO         4974    i.SD_read           sd_diskio.o
    0x08006952   0x08006952   0x00000004   Code   RO         4975    i.SD_status         sd_diskio.o
    0x08006956   0x08006956   0x00000002   PAD
    0x08006958   0x08006958   0x00000026   Code   RO         4976    i.SD_write          sd_diskio.o
    0x0800697e   0x0800697e   0x00000002   PAD
    0x08006980   0x08006980   0x00000024   Code   RO         6039    i.STORAGE_GetCapacity_FS  usbd_storage_if.o
    0x080069a4   0x080069a4   0x00000004   Code   RO         6040    i.STORAGE_GetMaxLun_FS  usbd_storage_if.o
    0x080069a8   0x080069a8   0x00000018   Code   RO         6041    i.STORAGE_Init_FS   usbd_storage_if.o
    0x080069c0   0x080069c0   0x00000018   Code   RO         6042    i.STORAGE_IsReady_FS  usbd_storage_if.o
    0x080069d8   0x080069d8   0x00000004   Code   RO         6043    i.STORAGE_IsWriteProtected_FS  usbd_storage_if.o
    0x080069dc   0x080069dc   0x0000005c   Code   RO         6044    i.STORAGE_Read_FS   usbd_storage_if.o
    0x08006a38   0x08006a38   0x00000028   Code   RO         6045    i.STORAGE_Write_FS  usbd_storage_if.o
    0x08006a60   0x08006a60   0x00000002   Code   RO          557    i.SVC_Handler       stm32f4xx_it.o
    0x08006a62   0x08006a62   0x0000000a   Code   RO         6466    i.SWAPBYTE          usbd_ctlreq.o
    0x08006a6c   0x08006a6c   0x00000004   Code   RO          558    i.SysTick_Handler   stm32f4xx_it.o
    0x08006a70   0x08006a70   0x00000094   Code   RO           14    i.SystemClock_Config  main.o
    0x08006b04   0x08006b04   0x00000010   Code   RO         4813    i.SystemInit        system_stm32f4xx.o
    0x08006b14   0x08006b14   0x000000d8   Code   RO         3571    i.TIM_Base_SetConfig  stm32f4xx_hal_tim.o
    0x08006bec   0x08006bec   0x00000014   Code   RO         3582    i.TIM_ETR_SetConfig  stm32f4xx_hal_tim.o
    0x08006c00   0x08006c00   0x00000010   Code   RO         3583    i.TIM_ITRx_SetConfig  stm32f4xx_hal_tim.o
    0x08006c10   0x08006c10   0x00000022   Code   RO         3589    i.TIM_TI1_ConfigInputStage  stm32f4xx_hal_tim.o
    0x08006c32   0x08006c32   0x00000024   Code   RO         3591    i.TIM_TI2_ConfigInputStage  stm32f4xx_hal_tim.o
    0x08006c56   0x08006c56   0x0000004e   Code   RO         4502    i.UART_EndRxTransfer  stm32f4xx_hal_uart.o
    0x08006ca4   0x08006ca4   0x0000010c   Code   RO         4505    i.UART_SetConfig    stm32f4xx_hal_uart.o
    0x08006db0   0x08006db0   0x00000072   Code   RO         4508    i.UART_WaitOnFlagUntilTimeout  stm32f4xx_hal_uart.o
    0x08006e22   0x08006e22   0x00000014   Code   RO         6307    i.USBD_ClrClassConfig  usbd_core.o
    0x08006e36   0x08006e36   0x00000004   Code   RO         6308    i.USBD_CoreFindEP   usbd_core.o
    0x08006e3a   0x08006e3a   0x00000004   Code   RO         6309    i.USBD_CoreFindIF   usbd_core.o
    0x08006e3e   0x08006e3e   0x00000010   Code   RO         6544    i.USBD_CtlContinueRx  usbd_ioreq.o
    0x08006e4e   0x08006e4e   0x00000010   Code   RO         6545    i.USBD_CtlContinueSendData  usbd_ioreq.o
    0x08006e5e   0x08006e5e   0x00000016   Code   RO         6467    i.USBD_CtlError     usbd_ctlreq.o
    0x08006e74   0x08006e74   0x00000016   Code   RO         6547    i.USBD_CtlReceiveStatus  usbd_ioreq.o
    0x08006e8a   0x08006e8a   0x0000001a   Code   RO         6548    i.USBD_CtlSendData  usbd_ioreq.o
    0x08006ea4   0x08006ea4   0x00000016   Code   RO         6549    i.USBD_CtlSendStatus  usbd_ioreq.o
    0x08006eba   0x08006eba   0x00000002   PAD
    0x08006ebc   0x08006ebc   0x00000020   Code   RO         5954    i.USBD_FS_ConfigStrDescriptor  usbd_desc.o
    0x08006edc   0x08006edc   0x0000000c   Code   RO         5955    i.USBD_FS_DeviceDescriptor  usbd_desc.o
    0x08006ee8   0x08006ee8   0x00000024   Code   RO         5956    i.USBD_FS_InterfaceStrDescriptor  usbd_desc.o
    0x08006f0c   0x08006f0c   0x0000000c   Code   RO         5957    i.USBD_FS_LangIDStrDescriptor  usbd_desc.o
    0x08006f18   0x08006f18   0x00000028   Code   RO         5958    i.USBD_FS_ManufacturerStrDescriptor  usbd_desc.o
    0x08006f40   0x08006f40   0x00000028   Code   RO         5959    i.USBD_FS_ProductStrDescriptor  usbd_desc.o
    0x08006f68   0x08006f68   0x00000038   Code   RO         5960    i.USBD_FS_SerialStrDescriptor  usbd_desc.o
    0x08006fa0   0x08006fa0   0x000000e6   Code   RO         6468    i.USBD_GetDescriptor  usbd_ctlreq.o
    0x08007086   0x08007086   0x0000003a   Code   RO         6311    i.USBD_GetEpDesc    usbd_core.o
    0x080070c0   0x080070c0   0x00000014   Code   RO         6469    i.USBD_GetLen       usbd_ctlreq.o
    0x080070d4   0x080070d4   0x0000000e   Code   RO         6312    i.USBD_GetNextDesc  usbd_core.o
    0x080070e2   0x080070e2   0x0000004e   Code   RO         6470    i.USBD_GetString    usbd_ctlreq.o
    0x08007130   0x08007130   0x00000018   Code   RO         6113    i.USBD_Get_USB_Status  usbd_conf.o
    0x08007148   0x08007148   0x00000026   Code   RO         6313    i.USBD_Init         usbd_core.o
    0x0800716e   0x0800716e   0x00000012   Code   RO         6114    i.USBD_LL_ClearStallEP  usbd_conf.o
    0x08007180   0x08007180   0x00000012   Code   RO         6115    i.USBD_LL_CloseEP   usbd_conf.o
    0x08007192   0x08007192   0x000000b6   Code   RO         6314    i.USBD_LL_DataInStage  usbd_core.o
    0x08007248   0x08007248   0x0000008e   Code   RO         6315    i.USBD_LL_DataOutStage  usbd_core.o
    0x080072d6   0x080072d6   0x00000004   Code   RO         6316    i.USBD_LL_DevConnected  usbd_core.o
    0x080072da   0x080072da   0x0000001e   Code   RO         6317    i.USBD_LL_DevDisconnected  usbd_core.o
    0x080072f8   0x080072f8   0x00000012   Code   RO         6118    i.USBD_LL_FlushEP   usbd_conf.o
    0x0800730a   0x0800730a   0x00000008   Code   RO         6119    i.USBD_LL_GetRxDataSize  usbd_conf.o
    0x08007312   0x08007312   0x00000002   PAD
    0x08007314   0x08007314   0x00000060   Code   RO         6120    i.USBD_LL_Init      usbd_conf.o
    0x08007374   0x08007374   0x0000001e   Code   RO         6121    i.USBD_LL_IsStallEP  usbd_conf.o
    0x08007392   0x08007392   0x00000028   Code   RO         6318    i.USBD_LL_IsoINIncomplete  usbd_core.o
    0x080073ba   0x080073ba   0x00000028   Code   RO         6319    i.USBD_LL_IsoOUTIncomplete  usbd_core.o
    0x080073e2   0x080073e2   0x00000018   Code   RO         6122    i.USBD_LL_OpenEP    usbd_conf.o
    0x080073fa   0x080073fa   0x00000012   Code   RO         6123    i.USBD_LL_PrepareReceive  usbd_conf.o
    0x0800740c   0x0800740c   0x0000005c   Code   RO         6320    i.USBD_LL_Reset     usbd_core.o
    0x08007468   0x08007468   0x00000014   Code   RO         6321    i.USBD_LL_Resume    usbd_core.o
    0x0800747c   0x0800747c   0x0000001a   Code   RO         6322    i.USBD_LL_SOF       usbd_core.o
    0x08007496   0x08007496   0x00000006   Code   RO         6323    i.USBD_LL_SetSpeed  usbd_core.o
    0x0800749c   0x0800749c   0x00000012   Code   RO         6124    i.USBD_LL_SetUSBAddress  usbd_conf.o
    0x080074ae   0x080074ae   0x00000060   Code   RO         6324    i.USBD_LL_SetupStage  usbd_core.o
    0x0800750e   0x0800750e   0x00000012   Code   RO         6125    i.USBD_LL_StallEP   usbd_conf.o
    0x08007520   0x08007520   0x00000012   Code   RO         6126    i.USBD_LL_Start     usbd_conf.o
    0x08007532   0x08007532   0x0000001a   Code   RO         6325    i.USBD_LL_Suspend   usbd_core.o
    0x0800754c   0x0800754c   0x00000012   Code   RO         6128    i.USBD_LL_Transmit  usbd_conf.o
    0x0800755e   0x0800755e   0x0000000a   Code   RO         6604    i.USBD_MSC_DataIn   usbd_msc.o
    0x08007568   0x08007568   0x0000000a   Code   RO         6605    i.USBD_MSC_DataOut  usbd_msc.o
    0x08007572   0x08007572   0x00000002   PAD
    0x08007574   0x08007574   0x00000074   Code   RO         6606    i.USBD_MSC_DeInit   usbd_msc.o
    0x080075e8   0x080075e8   0x0000000c   Code   RO         6607    i.USBD_MSC_GetDeviceQualifierDescriptor  usbd_msc.o
    0x080075f4   0x080075f4   0x0000002c   Code   RO         6608    i.USBD_MSC_GetFSCfgDesc  usbd_msc.o
    0x08007620   0x08007620   0x00000030   Code   RO         6609    i.USBD_MSC_GetHSCfgDesc  usbd_msc.o
    0x08007650   0x08007650   0x0000002c   Code   RO         6610    i.USBD_MSC_GetOtherSpeedCfgDesc  usbd_msc.o
    0x0800767c   0x0800767c   0x000000ac   Code   RO         6611    i.USBD_MSC_Init     usbd_msc.o
    0x08007728   0x08007728   0x00000016   Code   RO         6612    i.USBD_MSC_RegisterStorage  usbd_msc.o
    0x0800773e   0x0800773e   0x000000dc   Code   RO         6613    i.USBD_MSC_Setup    usbd_msc.o
    0x0800781a   0x0800781a   0x0000002c   Code   RO         6471    i.USBD_ParseSetupRequest  usbd_ctlreq.o
    0x08007846   0x08007846   0x0000003a   Code   RO         6326    i.USBD_RegisterClass  usbd_core.o
    0x08007880   0x08007880   0x00000014   Code   RO         6328    i.USBD_SetClassConfig  usbd_core.o
    0x08007894   0x08007894   0x000000b8   Code   RO         6472    i.USBD_SetConfig    usbd_ctlreq.o
    0x0800794c   0x0800794c   0x00000004   Code   RO         6329    i.USBD_Start        usbd_core.o
    0x08007950   0x08007950   0x0000012c   Code   RO         6473    i.USBD_StdDevReq    usbd_ctlreq.o
    0x08007a7c   0x08007a7c   0x00000160   Code   RO         6474    i.USBD_StdEPReq     usbd_ctlreq.o
    0x08007bdc   0x08007bdc   0x00000072   Code   RO         6475    i.USBD_StdItfReq    usbd_ctlreq.o
    0x08007c4e   0x08007c4e   0x00000002   Code   RO         6129    i.USBD_static_free  usbd_conf.o
    0x08007c50   0x08007c50   0x00000008   Code   RO         6130    i.USBD_static_malloc  usbd_conf.o
    0x08007c58   0x08007c58   0x00000080   Code   RO          952    i.USB_ActivateEndpoint  stm32f4xx_ll_usb.o
    0x08007cd8   0x08007cd8   0x0000001c   Code   RO          954    i.USB_ActivateSetup  stm32f4xx_ll_usb.o
    0x08007cf4   0x08007cf4   0x00000084   Code   RO          956    i.USB_CoreInit      stm32f4xx_ll_usb.o
    0x08007d78   0x08007d78   0x0000003c   Code   RO          957    i.USB_CoreReset     stm32f4xx_ll_usb.o
    0x08007db4   0x08007db4   0x000000cc   Code   RO          960    i.USB_DeactivateEndpoint  stm32f4xx_ll_usb.o
    0x08007e80   0x08007e80   0x0000001c   Code   RO          961    i.USB_DevConnect    stm32f4xx_ll_usb.o
    0x08007e9c   0x08007e9c   0x0000001c   Code   RO          962    i.USB_DevDisconnect  stm32f4xx_ll_usb.o
    0x08007eb8   0x08007eb8   0x0000017c   Code   RO          963    i.USB_DevInit       stm32f4xx_ll_usb.o
    0x08008034   0x08008034   0x0000000c   Code   RO          964    i.USB_DisableGlobalInt  stm32f4xx_ll_usb.o
    0x08008040   0x08008040   0x00000058   Code   RO          967    i.USB_EP0_OutStart  stm32f4xx_ll_usb.o
    0x08008098   0x08008098   0x00000058   Code   RO          968    i.USB_EPClearStall  stm32f4xx_ll_usb.o
    0x080080f0   0x080080f0   0x00000058   Code   RO          969    i.USB_EPSetStall    stm32f4xx_ll_usb.o
    0x08008148   0x08008148   0x00000238   Code   RO          970    i.USB_EPStartXfer   stm32f4xx_ll_usb.o
    0x08008380   0x08008380   0x0000009e   Code   RO          971    i.USB_EPStopXfer    stm32f4xx_ll_usb.o
    0x0800841e   0x0800841e   0x0000000c   Code   RO          972    i.USB_EnableGlobalInt  stm32f4xx_ll_usb.o
    0x0800842a   0x0800842a   0x00000038   Code   RO          973    i.USB_FlushRxFifo   stm32f4xx_ll_usb.o
    0x08008462   0x08008462   0x0000003c   Code   RO          974    i.USB_FlushTxFifo   stm32f4xx_ll_usb.o
    0x0800849e   0x0800849e   0x0000001a   Code   RO          976    i.USB_GetDevSpeed   stm32f4xx_ll_usb.o
    0x080084b8   0x080084b8   0x00000008   Code   RO          978    i.USB_GetMode       stm32f4xx_ll_usb.o
    0x080084c0   0x080084c0   0x0000000e   Code   RO          986    i.USB_ReadDevAllInEpInterrupt  stm32f4xx_ll_usb.o
    0x080084ce   0x080084ce   0x0000000e   Code   RO          987    i.USB_ReadDevAllOutEpInterrupt  stm32f4xx_ll_usb.o
    0x080084dc   0x080084dc   0x00000024   Code   RO          988    i.USB_ReadDevInEPInterrupt  stm32f4xx_ll_usb.o
    0x08008500   0x08008500   0x00000010   Code   RO          989    i.USB_ReadDevOutEPInterrupt  stm32f4xx_ll_usb.o
    0x08008510   0x08008510   0x00000008   Code   RO          990    i.USB_ReadInterrupts  stm32f4xx_ll_usb.o
    0x08008518   0x08008518   0x0000003e   Code   RO          991    i.USB_ReadPacket    stm32f4xx_ll_usb.o
    0x08008556   0x08008556   0x0000005c   Code   RO          993    i.USB_SetCurrentMode  stm32f4xx_ll_usb.o
    0x080085b2   0x080085b2   0x00000022   Code   RO          994    i.USB_SetDevAddress  stm32f4xx_ll_usb.o
    0x080085d4   0x080085d4   0x000000e8   Code   RO          996    i.USB_SetTurnaroundTime  stm32f4xx_ll_usb.o
    0x080086bc   0x080086bc   0x00000028   Code   RO          999    i.USB_WritePacket   stm32f4xx_ll_usb.o
    0x080086e4   0x080086e4   0x00000002   Code   RO          559    i.UsageFault_Handler  stm32f4xx_it.o
    0x080086e6   0x080086e6   0x00000002   PAD
    0x080086e8   0x080086e8   0x00000078   Code   RO         5817    i.WAV_PlayLoop      app_main.o
    0x08008760   0x08008760   0x00000020   Code   RO         7143    i.__0printf         mc_w.l(printfa.o)
    0x08008780   0x08008780   0x00000020   Code   RO         2016    i.__NVIC_SetPriority  stm32f4xx_hal_cortex.o
    0x080087a0   0x080087a0   0x0000000e   Code   RO         7213    i.__scatterload_copy  mc_w.l(handlers.o)
    0x080087ae   0x080087ae   0x00000002   Code   RO         7214    i.__scatterload_null  mc_w.l(handlers.o)
    0x080087b0   0x080087b0   0x0000000e   Code   RO         7215    i.__scatterload_zeroinit  mc_w.l(handlers.o)
    0x080087be   0x080087be   0x00000002   PAD
    0x080087c0   0x080087c0   0x00000184   Code   RO         7150    i._fp_digits        mc_w.l(printfa.o)
    0x08008944   0x08008944   0x000006dc   Code   RO         7151    i._printf_core      mc_w.l(printfa.o)
    0x08009020   0x08009020   0x00000024   Code   RO         7152    i._printf_post_padding  mc_w.l(printfa.o)
    0x08009044   0x08009044   0x0000002e   Code   RO         7153    i._printf_pre_padding  mc_w.l(printfa.o)
    0x08009072   0x08009072   0x00000002   PAD
    0x08009074   0x08009074   0x00000054   Code   RO         5818    i.app_main          app_main.o
    0x080090c8   0x080090c8   0x0000000c   Code   RO         5625    i.bs_init           minimp3.o
    0x080090d4   0x080090d4   0x00000070   Code   RO         5148    i.check_fs          ff.o
    0x08009144   0x08009144   0x00000010   Code   RO         5149    i.chk_chr           ff.o
    0x08009154   0x08009154   0x0000005c   Code   RO         5150    i.chk_lock          ff.o
    0x080091b0   0x080091b0   0x00000020   Code   RO         5151    i.clear_lock        ff.o
    0x080091d0   0x080091d0   0x00000024   Code   RO         5152    i.clmt_clust        ff.o
    0x080091f4   0x080091f4   0x00000018   Code   RO         5153    i.clust2sect        ff.o
    0x0800920c   0x0800920c   0x00000080   Code   RO         5154    i.cmp_lfn           ff.o
    0x0800928c   0x0800928c   0x000000a4   Code   RO         5155    i.create_chain      ff.o
    0x08009330   0x08009330   0x00000244   Code   RO         5156    i.create_name       ff.o
    0x08009574   0x08009574   0x00000034   Code   RO         5157    i.dec_lock          ff.o
    0x080095a8   0x080095a8   0x000000d0   Code   RO         5158    i.dir_find          ff.o
    0x08009678   0x08009678   0x000000f4   Code   RO         5159    i.dir_next          ff.o
    0x0800976c   0x0800976c   0x000000b6   Code   RO         5160    i.dir_read          ff.o
    0x08009822   0x08009822   0x00000002   PAD
    0x08009824   0x08009824   0x000001e4   Code   RO         5161    i.dir_register      ff.o
    0x08009a08   0x08009a08   0x00000082   Code   RO         5163    i.dir_sdi           ff.o
    0x08009a8a   0x08009a8a   0x00000002   PAD
    0x08009a8c   0x08009a8c   0x0000002c   Code   RO         5093    i.disk_initialize   diskio.o
    0x08009ab8   0x08009ab8   0x0000001c   Code   RO         5094    i.disk_ioctl        diskio.o
    0x08009ad4   0x08009ad4   0x0000001c   Code   RO         5095    i.disk_read         diskio.o
    0x08009af0   0x08009af0   0x00000018   Code   RO         5096    i.disk_status       diskio.o
    0x08009b08   0x08009b08   0x0000001c   Code   RO         5097    i.disk_write        diskio.o
    0x08009b24   0x08009b24   0x00000028   Code   RO         5164    i.f_close           ff.o
    0x08009b4c   0x08009b4c   0x00000022   Code   RO         5165    i.f_closedir        ff.o
    0x08009b6e   0x08009b6e   0x00000002   PAD
    0x08009b70   0x08009b70   0x00000058   Code   RO         5171    i.f_mount           ff.o
    0x08009bc8   0x08009bc8   0x00000214   Code   RO         5172    i.f_open            ff.o
    0x08009ddc   0x08009ddc   0x0000008c   Code   RO         5173    i.f_opendir         ff.o
    0x08009e68   0x08009e68   0x00000152   Code   RO         5177    i.f_read            ff.o
    0x08009fba   0x08009fba   0x00000052   Code   RO         5178    i.f_readdir         ff.o
    0x0800a00c   0x0800a00c   0x0000008e   Code   RO         5181    i.f_sync            ff.o
    0x0800a09a   0x0800a09a   0x00000002   PAD
    0x0800a09c   0x0800a09c   0x0000004c   Code   RO         5576    i.ff_convert        cc936.o
    0x0800a0e8   0x0800a0e8   0x00000080   Code   RO         5577    i.ff_wtoupper       cc936.o
    0x0800a168   0x0800a168   0x00000254   Code   RO         5185    i.find_volume       ff.o
    0x0800a3bc   0x0800a3bc   0x00000074   Code   RO         5186    i.follow_path       ff.o
    0x0800a430   0x0800a430   0x00000018   Code   RO          490    i.fputc             usart.o
    0x0800a448   0x0800a448   0x0000008c   Code   RO         5187    i.gen_numname       ff.o
    0x0800a4d4   0x0800a4d4   0x00000042   Code   RO         5626    i.get_bits          minimp3.o
    0x0800a516   0x0800a516   0x000000be   Code   RO         5188    i.get_fat           ff.o
    0x0800a5d4   0x0800a5d4   0x00000004   Code   RO         5056    i.get_fattime       fatfs.o
    0x0800a5d8   0x0800a5d8   0x000000f4   Code   RO         5189    i.get_fileinfo      ff.o
    0x0800a6cc   0x0800a6cc   0x0000003c   Code   RO         5190    i.get_ldnumber      ff.o
    0x0800a708   0x0800a708   0x00000030   Code   RO         5627    i.hdr_bitrate_kbps  minimp3.o
    0x0800a738   0x0800a738   0x00000046   Code   RO         5628    i.hdr_compare       minimp3.o
    0x0800a77e   0x0800a77e   0x0000003e   Code   RO         5629    i.hdr_frame_bytes   minimp3.o
    0x0800a7bc   0x0800a7bc   0x00000026   Code   RO         5630    i.hdr_frame_samples  minimp3.o
    0x0800a7e2   0x0800a7e2   0x0000001c   Code   RO         5631    i.hdr_padding       minimp3.o
    0x0800a7fe   0x0800a7fe   0x00000002   PAD
    0x0800a800   0x0800a800   0x00000028   Code   RO         5632    i.hdr_sample_rate_hz  minimp3.o
    0x0800a828   0x0800a828   0x00000036   Code   RO         5633    i.hdr_valid         minimp3.o
    0x0800a85e   0x0800a85e   0x00000002   PAD
    0x0800a860   0x0800a860   0x00000080   Code   RO         5191    i.inc_lock          ff.o
    0x0800a8e0   0x0800a8e0   0x00000024   Code   RO         5819    i.is_wav_file       app_main.o
    0x0800a904   0x0800a904   0x00000026   Code   RO         5192    i.ld_clust          ff.o
    0x0800a92a   0x0800a92a   0x00000016   Code   RO         5193    i.ld_dword          ff.o
    0x0800a940   0x0800a940   0x0000000a   Code   RO         5194    i.ld_word           ff.o
    0x0800a94a   0x0800a94a   0x00000002   PAD
    0x0800a94c   0x0800a94c   0x0000009c   Code   RO         5820    i.list_files_in_sd_card  app_main.o
    0x0800a9e8   0x0800a9e8   0x00000060   Code   RO           15    i.main              main.o
    0x0800aa48   0x0800aa48   0x00000012   Code   RO         5195    i.mem_cpy           ff.o
    0x0800aa5a   0x0800aa5a   0x00000002   PAD
    0x0800aa5c   0x0800aa5c   0x0000000e   Code   RO         5196    i.mem_set           ff.o
    0x0800aa6a   0x0800aa6a   0x00000032   Code   RO         5197    i.move_window       ff.o
    0x0800aa9c   0x0800aa9c   0x00000270   Code   RO         5634    i.mp3d_DCT_II       minimp3.o
    0x0800ad0c   0x0800ad0c   0x0000011e   Code   RO         5635    i.mp3d_find_frame   minimp3.o
    0x0800ae2a   0x0800ae2a   0x00000002   PAD
    0x0800ae2c   0x0800ae2c   0x00000044   Code   RO         5636    i.mp3d_scale_pcm    minimp3.o
    0x0800ae70   0x0800ae70   0x000004a2   Code   RO         5637    i.mp3d_synth        minimp3.o
    0x0800b312   0x0800b312   0x00000092   Code   RO         5638    i.mp3d_synth_granule  minimp3.o
    0x0800b3a4   0x0800b3a4   0x00000164   Code   RO         5639    i.mp3d_synth_pair   minimp3.o
    0x0800b508   0x0800b508   0x00000310   Code   RO         5640    i.mp3dec_decode_frame  minimp3.o
    0x0800b818   0x0800b818   0x0000000c   Code   RO         5641    i.mp3dec_init       minimp3.o
    0x0800b824   0x0800b824   0x00000074   Code   RO         5198    i.pick_lfn          ff.o
    0x0800b898   0x0800b898   0x000000ea   Code   RO         5199    i.put_fat           ff.o
    0x0800b982   0x0800b982   0x00000074   Code   RO         5202    i.remove_chain      ff.o
    0x0800b9f6   0x0800b9f6   0x00000028   Code   RO         5203    i.st_clust          ff.o
    0x0800ba1e   0x0800ba1e   0x00000010   Code   RO         5204    i.st_dword          ff.o
    0x0800ba2e   0x0800ba2e   0x00000008   Code   RO         5205    i.st_word           ff.o
    0x0800ba36   0x0800ba36   0x0000001a   Code   RO         5206    i.sum_sfn           ff.o
    0x0800ba50   0x0800ba50   0x00000088   Code   RO         5207    i.sync_fs           ff.o
    0x0800bad8   0x0800bad8   0x00000052   Code   RO         5208    i.sync_window       ff.o
    0x0800bb2a   0x0800bb2a   0x00000034   Code   RO         5209    i.validate          ff.o
    0x0800bb5e   0x0800bb5e   0x00000008   Data   RO         1730    .constdata          stm32f4xx_hal_dma.o
    0x0800bb66   0x0800bb66   0x00000010   Data   RO         4814    .constdata          system_stm32f4xx.o
    0x0800bb76   0x0800bb76   0x00000008   Data   RO         4815    .constdata          system_stm32f4xx.o
    0x0800bb7e   0x0800bb7e   0x00000002   PAD
    0x0800bb80   0x0800bb80   0x00000014   Data   RO         4977    .constdata          sd_diskio.o
    0x0800bb94   0x0800bb94   0x0000002a   Data   RO         5211    .constdata          ff.o
    0x0800bbbe   0x0800bbbe   0x0002abb6   Data   RO         5578    .constdata          cc936.o
    0x08036774   0x08036774   0x00001ed0   Data   RO         5642    .constdata          minimp3.o
    0x08038644   0x08038644   0x00000024   Data   RO         6046    .constdata          usbd_storage_if.o
    0x08038668   0x08038668   0x0000005f   Data   RO         5822    .conststring        app_main.o
    0x080386c7   0x080386c7   0x00000001   PAD
    0x080386c8   0x080386c8   0x00000020   Data   RO         7211    Region$$Table       anon$$obj.o


    Execution Region RW_IRAM1 (Exec base: 0x20000000, Load base: 0x080386e8, Size: 0x00015e70, Max: 0x0001c000, ABSOLUTE, COMPRESSED[0x000000c0])

    Exec Addr    Load Addr    Size         Type   Attr      Idx    E Section Name        Object

    0x20000000   COMPRESSED   0x0000000c   Data   RW         2175    .data               stm32f4xx_hal.o
    0x2000000c   COMPRESSED   0x00000004   Data   RW         4816    .data               system_stm32f4xx.o
    0x20000010   COMPRESSED   0x00000001   Data   RW         4978    .data               sd_diskio.o
    0x20000011   COMPRESSED   0x00000005   Data   RW         5059    .data               fatfs.o
    0x20000016   COMPRESSED   0x00000002   PAD
    0x20000018   COMPRESSED   0x00000008   Data   RW         5212    .data               ff.o
    0x20000020   COMPRESSED   0x0000003c   Data   RW         5824    .data               app_main.o
    0x2000005c   COMPRESSED   0x0000001c   Data   RW         5962    .data               usbd_desc.o
    0x20000078   COMPRESSED   0x00000032   Data   RW         5963    .data               usbd_desc.o
    0x200000aa   COMPRESSED   0x00000002   PAD
    0x200000ac   COMPRESSED   0x00000020   Data   RW         6047    .data               usbd_storage_if.o
    0x200000cc   COMPRESSED   0x00000001   Data   RW         6476    .data               usbd_ctlreq.o
    0x200000cd   COMPRESSED   0x00000003   PAD
    0x200000d0   COMPRESSED   0x00000038   Data   RW         6614    .data               usbd_msc.o
    0x20000108   COMPRESSED   0x0000002e   Data   RW         6615    .data               usbd_msc.o
    0x20000136   COMPRESSED   0x00000006   Data   RW         6760    .data               usbd_msc_data.o
    0x2000013c   COMPRESSED   0x00000008   Data   RW         6761    .data               usbd_msc_data.o
    0x20000144   COMPRESSED   0x00000004   Data   RW         6762    .data               usbd_msc_data.o
    0x20000148   COMPRESSED   0x00000008   Data   RW         6763    .data               usbd_msc_data.o
    0x20000150   COMPRESSED   0x00000004   Data   RW         7185    .data               mc_w.l(stdout.o)
    0x20000154        -       0x00000234   Zero   RW           16    .bss                main.o
    0x20000388        -       0x00000048   Zero   RW          291    .bss                adc.o
    0x200003d0        -       0x000000a8   Zero   RW          357    .bss                i2s.o
    0x20000478        -       0x000000e4   Zero   RW          399    .bss                sdio.o
    0x2000055c        -       0x00000090   Zero   RW          442    .bss                tim.o
    0x200005ec        -       0x00000048   Zero   RW          491    .bss                usart.o
    0x20000634        -       0x00000020   Zero   RW         5210    .bss                ff.o
    0x20000654        -       0x0000000c   Zero   RW         5506    .bss                ff_gen_drv.o
    0x20000660        -       0x00004bd4   Zero   RW         5821    .bss                app_main.o
    0x20005234        -       0x000002dc   Zero   RW         5919    .bss                usb_device.o
    0x20005510        -       0x00000200   Zero   RW         5961    .bss                usbd_desc.o
    0x20005710        -       0x0000075c   Zero   RW         6131    .bss                usbd_conf.o
    0x20005e6c   COMPRESSED   0x00000004   PAD
    0x20005e70        -       0x00010000   Zero   RW            1    STACK               startup_stm32f407xx.o


    Execution Region RW_IRAM2 (Exec base: 0x2001c000, Load base: 0x080387a8, Size: 0x00000000, Max: 0x00004000, ABSOLUTE)

    **** No section assigned to this execution region ****


==============================================================================

Image component sizes


      Code (inc. data)   RO Data    RW Data    ZI Data      Debug   Object Name

       196         22          0          0         72       1725   adc.o
      1280        292         95         60      19412      12844   app_main.o
       154         24          0          0          0       4072   bsp_driver_sd.o
       204         26     175030          0          0       2527   cc936.o
       152         24          0          0          0       3781   diskio.o
        76          4          0          0          0        830   dma.o
        32         10          0          5          0       1540   fatfs.o
        24          4          0          0          0        573   fatfs_platform.o
      6332         98         42          8         32      47645   ff.o
        70          6          0          0         12       1651   ff_gen_drv.o
       228         16          0          0          0       1039   gpio.o
       288         34          0          0        168       1906   i2s.o
       248         34          0          0        564     754901   main.o
      9134        266       7888          0          0      43724   minimp3.o
       224         14         20          1          0       4576   sd_diskio.o
       252         34          0          0        228       1782   sdio.o
        36          8        392          0      65536        840   startup_stm32f407xx.o
       180         28          0         12          0       9453   stm32f4xx_hal.o
       712         28          0          0          0       2899   stm32f4xx_hal_adc.o
       198         14          0          0          0      33863   stm32f4xx_hal_cortex.o
       902         16          8          0          0       5851   stm32f4xx_hal_dma.o
       556         52          0          0          0       4159   stm32f4xx_hal_gpio.o
       898         32          0          0          0       6976   stm32f4xx_hal_i2s.o
       694         24          0          0          0       3775   stm32f4xx_hal_i2s_ex.o
        48          6          0          0          0        870   stm32f4xx_hal_msp.o
      2628         12          0          0          0      14411   stm32f4xx_hal_pcd.o
        78          0          0          0          0       2425   stm32f4xx_hal_pcd_ex.o
      1356         78          0          0          0       5764   stm32f4xx_hal_rcc.o
       412         38          0          0          0       2293   stm32f4xx_hal_rcc_ex.o
      1996         28          0          0          0      10240   stm32f4xx_hal_sd.o
       632         46          0          0          0       6399   stm32f4xx_hal_tim.o
       144         28          0          0          0       1388   stm32f4xx_hal_tim_ex.o
       720         10          0          0          0       4880   stm32f4xx_hal_uart.o
        62         18          0          0          0       6141   stm32f4xx_it.o
      1570         48          0          0          0      22316   stm32f4xx_ll_sdmmc.o
      2700        116          0          0          0      23432   stm32f4xx_ll_usb.o
         0          0          0          0          0        544   syscall.o
        16          4         24          4          0       1147   system_stm32f4xx.o
       272         24          0          0        144       2411   tim.o
       188         28          0          0         72       4102   usart.o
        84         18          0          0        732        820   usb_device.o
       660         24          0          0       1884      17634   usbd_conf.o
       924          0          0          0          0      15591   usbd_core.o
      1354         28          0          1          0      15392   usbd_ctlreq.o
       284        100          0         78        512       6237   usbd_desc.o
       102          0          0          0          0       3852   usbd_ioreq.o
       698         26          0        102          0       9993   usbd_msc.o
       842         58          0          0          0       7790   usbd_msc_bot.o
         0          0          0         26          0        945   usbd_msc_data.o
      2512         36          0          0          0      17516   usbd_msc_scsi.o
       224         48         36         32          0       5016   usbd_storage_if.o

    ----------------------------------------------------------------------
     43646       1932     183570        336      89372    1162481   Object Totals
         0          0         32          0          0          0   (incl. Generated)
        70          0          3          7          4          0   (incl. Padding)

    ----------------------------------------------------------------------

      Code (inc. data)   RO Data    RW Data    ZI Data      Debug   Library Member Name

        86          0          0          0          0          0   __dczerorl2.o
         0          0          0          0          0          0   entry.o
         0          0          0          0          0          0   entry10a.o
         0          0          0          0          0          0   entry11a.o
         8          4          0          0          0          0   entry2.o
         4          0          0          0          0          0   entry5.o
         0          0          0          0          0          0   entry7b.o
         0          0          0          0          0          0   entry8b.o
         8          4          0          0          0          0   entry9a.o
        30          0          0          0          0          0   handlers.o
        36          8          0          0          0         68   init.o
         0          0          0          0          0          0   iusefp.o
        30          0          0          0          0         68   llshl.o
        36          0          0          0          0         68   llsshr.o
        32          0          0          0          0         68   llushr.o
        64          0          0          0          0         76   memmovea.o
        36          0          0          0          0        108   memseta.o
      2258         90          0          0          0        452   printfa.o
         0          0          0          4          0          0   stdout.o
        42          0          0          0          0         84   strcasecmp.o
        32          0          0          0          0         68   strrchr.o
        12          0          0          0          0         68   tolower.o
        44          0          0          0          0         80   uidiv.o
        98          0          0          0          0         92   uldiv.o
        48          0          0          0          0         68   cdrcmple.o
       334          0          0          0          0        148   dadd.o
       222          0          0          0          0        100   ddiv.o
       186          0          0          0          0        176   depilogue.o
        48          0          0          0          0         68   dfixul.o
       228          0          0          0          0         96   dmul.o

    ----------------------------------------------------------------------
      3928        106          0          4          0       1956   Library Totals
         6          0          0          0          0          0   (incl. Padding)

    ----------------------------------------------------------------------

      Code (inc. data)   RO Data    RW Data    ZI Data      Debug   Library Name

      2856        106          0          4          0       1300   mc_w.l
      1066          0          0          0          0        656   mf_w.l

    ----------------------------------------------------------------------
      3928        106          0          4          0       1956   Library Totals

    ----------------------------------------------------------------------

==============================================================================


      Code (inc. data)   RO Data    RW Data    ZI Data      Debug   

     47574       2038     183570        340      89372    1124133   Grand Totals
     47574       2038     183570        192      89372    1124133   ELF Image Totals (compressed)
     47574       2038     183570        192          0          0   ROM Totals

==============================================================================

    Total RO  Size (Code + RO Data)               231144 ( 225.73kB)
    Total RW  Size (RW Data + ZI Data)             89712 (  87.61kB)
    Total ROM Size (Code + RO Data + RW Data)     231336 ( 225.91kB)

==============================================================================

