<html>
<body>
<pre>
<h1>µVision Build Log</h1>
<h2>Tool Versions:</h2>
IDE-Version: ¦ÌVision V5.40.0.0
Copyright (C) 2024 ARM Ltd and ARM Germany GmbH. All rights reserved.
License Information: 111 3070269033@qq.com, 111, LIC=21E4T-RIMDV-Z9SG9-49J37-4BUK0-4FEN3
 
Tool Versions:
Toolchain:       MDK-ARM Plus  Version: 5.40.0.3
Toolchain Path:  D:\Keil5\KeilMDK\ARM\ARMCC\Bin
C Compiler:      Armcc.exe V5.06 update 3 (build 300)
Assembler:       Armasm.exe V5.06 update 3 (build 300)
Linker/Locator:  ArmLink.exe V5.06 update 3 (build 300)
Library Manager: ArmAr.exe V5.06 update 3 (build 300)
Hex Converter:   FromElf.exe V5.06 update 3 (build 300)
CPU DLL:         SARMCM3.DLL V5.40.0.3
Dialog DLL:      DCM.DLL V1.17.5.0
Target DLL:      STLink\ST-LINKIII-KEIL_SWO.dll V3.3.0.0
Dialog DLL:      TCM.DLL V1.56.4.0
 
<h2>Project:</h2>
E:\STM32F4\STM32F407VET6\MP3_Player_NoRTOS\MDK-ARM\AD_UART.uvprojx
Project File Date:  07/01/2025

<h2>Output:</h2>
*** Using Compiler 'V5.06 update 3 (build 300)', folder: 'D:\Keil5\KeilMDK\ARM\ARMCC\Bin'
Rebuild target 'AD_UART'
assembling startup_stm32f407xx.s...
compiling stm32f4xx_hal_flash.c...
compiling stm32f4xx_hal_pcd.c...
compiling usart.c...
compiling stm32f4xx_hal_msp.c...
compiling tim.c...
compiling stm32f4xx_it.c...
compiling stm32f4xx_hal_pcd_ex.c...
compiling main.c...
compiling stm32f4xx_hal_rcc_ex.c...
compiling dma.c...
compiling sdio.c...
compiling i2s.c...
compiling stm32f4xx_ll_usb.c...
compiling stm32f4xx_ll_adc.c...
compiling gpio.c...
compiling adc.c...
compiling stm32f4xx_hal_rcc.c...
compiling stm32f4xx_hal_flash_ramfunc.c...
compiling stm32f4xx_hal_pwr_ex.c...
compiling stm32f4xx_hal_flash_ex.c...
compiling stm32f4xx_hal_i2s.c...
compiling stm32f4xx_hal_exti.c...
compiling stm32f4xx_hal_i2s_ex.c...
compiling stm32f4xx_hal_dma_ex.c...
compiling stm32f4xx_hal_adc.c...
compiling stm32f4xx_hal_adc_ex.c...
compiling stm32f4xx_hal_pwr.c...
compiling stm32f4xx_hal_cortex.c...
compiling stm32f4xx_hal_gpio.c...
compiling stm32f4xx_ll_sdmmc.c...
compiling stm32f4xx_hal_sd.c...
compiling stm32f4xx_hal.c...
compiling stm32f4xx_hal_dma.c...
compiling minimp3.c...
MP3\minimp3.h(1437): warning:  #1035-D: single-precision operand implicitly converted to double-precision
      if (sample >=  32766.5) return (int16_t) 32767;
MP3\minimp3.c: 1 warning, 0 errors
compiling fatfs_platform.c...
compiling stm32f4xx_hal_mmc.c...
compiling cc936.c...
compiling app_main.c...
..\MyApp\app_main.c(275): warning:  #111-D: statement is unreachable
  		return 0;
..\MyApp\app_main.c: 1 warning, 0 errors
compiling stm32f4xx_hal_uart.c...
compiling usb_device.c...
compiling sd_diskio.c...
compiling fatfs.c...
compiling ff_gen_drv.c...
compiling stm32f4xx_hal_tim_ex.c...
compiling system_stm32f4xx.c...
compiling syscall.c...
compiling stm32f4xx_hal_tim.c...
compiling bsp_driver_sd.c...
compiling ff.c...
compiling diskio.c...
compiling usbd_ioreq.c...
compiling usbd_desc.c...
compiling usbd_core.c...
compiling usbd_storage_if.c...
compiling usbd_msc_data.c...
compiling usbd_ctlreq.c...
compiling usbd_msc_scsi.c...
compiling usbd_msc_bot.c...
compiling usbd_msc.c...
compiling usbd_conf.c...
linking...
Program Size: Code=47574 RO-data=183570 RW-data=340 ZI-data=89372  
FromELF: creating hex file...
"AD_UART\AD_UART.axf" - 0 Error(s), 2 Warning(s).

<h2>Software Packages used:</h2>

Package Vendor: ARM
                https://www.keil.com/pack/ARM.CMSIS.6.1.0.pack
                ARM::CMSIS@6.1.0
                CMSIS (Common Microcontroller Software Interface Standard)
   * Component: CORE Version: 6.1.0

Package Vendor: Keil
                https://www.keil.com/pack/Keil.STM32F4xx_DFP.3.0.0.pack
                Keil::STM32F4xx_DFP@3.0.0
                STMicroelectronics STM32F4 Series Device Support

<h2>Collection of Component include folders:</h2>
  ./RTE/_AD_UART
  D:/Keil5/KeilMDK/ARM/Pack/ARM/CMSIS/6.1.0/CMSIS/Core/Include

<h2>Collection of Component Files used:</h2>

   * Component: ARM::CMSIS:CORE@6.1.0
      Include file:  CMSIS/Core/Include/tz_context.h
Build Time Elapsed:  00:00:29
</pre>
</body>
</html>
